<?xml version="1.0" encoding="ISO-8859-1" ?>
<link_info>
   <banner>TI ARM Linker Unix v18.1.3.LTS</banner>
   <copyright>Copyright (c) 1996-2017 Texas Instruments Incorporated</copyright>
   <link_time>0x5bc9d4c1</link_time>
   <link_errors>0x0</link_errors>
   <output_file>Motor_passo_angulo.out</output_file>
   <entry_point>
      <name>_c_int00_noargs</name>
      <address>0x3235</address>
   </entry_point>
   <input_file_list>
      <input_file id="fl-2">
         <path>./</path>
         <kind>object</kind>
         <file>main.obj</file>
         <name>main.obj</name>
      </input_file>
      <input_file id="fl-3">
         <path>./</path>
         <kind>object</kind>
         <file>tm4c1294ncpdt_startup_ccs.obj</file>
         <name>tm4c1294ncpdt_startup_ccs.obj</name>
      </input_file>
      <input_file id="fl-4">
         <path>./driverlib/</path>
         <kind>object</kind>
         <file>adc.obj</file>
         <name>adc.obj</name>
      </input_file>
      <input_file id="fl-5">
         <path>./driverlib/</path>
         <kind>object</kind>
         <file>aes.obj</file>
         <name>aes.obj</name>
      </input_file>
      <input_file id="fl-6">
         <path>./driverlib/</path>
         <kind>object</kind>
         <file>can.obj</file>
         <name>can.obj</name>
      </input_file>
      <input_file id="fl-7">
         <path>./driverlib/</path>
         <kind>object</kind>
         <file>comp.obj</file>
         <name>comp.obj</name>
      </input_file>
      <input_file id="fl-8">
         <path>./driverlib/</path>
         <kind>object</kind>
         <file>cpu.obj</file>
         <name>cpu.obj</name>
      </input_file>
      <input_file id="fl-9">
         <path>./driverlib/</path>
         <kind>object</kind>
         <file>crc.obj</file>
         <name>crc.obj</name>
      </input_file>
      <input_file id="fl-a">
         <path>./driverlib/</path>
         <kind>object</kind>
         <file>des.obj</file>
         <name>des.obj</name>
      </input_file>
      <input_file id="fl-b">
         <path>./driverlib/</path>
         <kind>object</kind>
         <file>eeprom.obj</file>
         <name>eeprom.obj</name>
      </input_file>
      <input_file id="fl-c">
         <path>./driverlib/</path>
         <kind>object</kind>
         <file>emac.obj</file>
         <name>emac.obj</name>
      </input_file>
      <input_file id="fl-d">
         <path>./driverlib/</path>
         <kind>object</kind>
         <file>epi.obj</file>
         <name>epi.obj</name>
      </input_file>
      <input_file id="fl-e">
         <path>./driverlib/</path>
         <kind>object</kind>
         <file>epi_workaround_ccs.obj</file>
         <name>epi_workaround_ccs.obj</name>
      </input_file>
      <input_file id="fl-f">
         <path>./driverlib/</path>
         <kind>object</kind>
         <file>flash.obj</file>
         <name>flash.obj</name>
      </input_file>
      <input_file id="fl-10">
         <path>./driverlib/</path>
         <kind>object</kind>
         <file>fpu.obj</file>
         <name>fpu.obj</name>
      </input_file>
      <input_file id="fl-11">
         <path>./driverlib/</path>
         <kind>object</kind>
         <file>gpio.obj</file>
         <name>gpio.obj</name>
      </input_file>
      <input_file id="fl-12">
         <path>./driverlib/</path>
         <kind>object</kind>
         <file>hibernate.obj</file>
         <name>hibernate.obj</name>
      </input_file>
      <input_file id="fl-13">
         <path>./driverlib/</path>
         <kind>object</kind>
         <file>i2c.obj</file>
         <name>i2c.obj</name>
      </input_file>
      <input_file id="fl-14">
         <path>./driverlib/</path>
         <kind>object</kind>
         <file>interrupt.obj</file>
         <name>interrupt.obj</name>
      </input_file>
      <input_file id="fl-15">
         <path>./driverlib/</path>
         <kind>object</kind>
         <file>lcd.obj</file>
         <name>lcd.obj</name>
      </input_file>
      <input_file id="fl-16">
         <path>./driverlib/</path>
         <kind>object</kind>
         <file>mpu.obj</file>
         <name>mpu.obj</name>
      </input_file>
      <input_file id="fl-17">
         <path>./driverlib/</path>
         <kind>object</kind>
         <file>onewire.obj</file>
         <name>onewire.obj</name>
      </input_file>
      <input_file id="fl-18">
         <path>./driverlib/</path>
         <kind>object</kind>
         <file>pwm.obj</file>
         <name>pwm.obj</name>
      </input_file>
      <input_file id="fl-19">
         <path>./driverlib/</path>
         <kind>object</kind>
         <file>qei.obj</file>
         <name>qei.obj</name>
      </input_file>
      <input_file id="fl-1a">
         <path>./driverlib/</path>
         <kind>object</kind>
         <file>shamd5.obj</file>
         <name>shamd5.obj</name>
      </input_file>
      <input_file id="fl-1b">
         <path>./driverlib/</path>
         <kind>object</kind>
         <file>ssi.obj</file>
         <name>ssi.obj</name>
      </input_file>
      <input_file id="fl-1c">
         <path>./driverlib/</path>
         <kind>object</kind>
         <file>sw_crc.obj</file>
         <name>sw_crc.obj</name>
      </input_file>
      <input_file id="fl-1d">
         <path>./driverlib/</path>
         <kind>object</kind>
         <file>sysctl.obj</file>
         <name>sysctl.obj</name>
      </input_file>
      <input_file id="fl-1e">
         <path>./driverlib/</path>
         <kind>object</kind>
         <file>sysexc.obj</file>
         <name>sysexc.obj</name>
      </input_file>
      <input_file id="fl-1f">
         <path>./driverlib/</path>
         <kind>object</kind>
         <file>systick.obj</file>
         <name>systick.obj</name>
      </input_file>
      <input_file id="fl-20">
         <path>./driverlib/</path>
         <kind>object</kind>
         <file>timer.obj</file>
         <name>timer.obj</name>
      </input_file>
      <input_file id="fl-21">
         <path>./driverlib/</path>
         <kind>object</kind>
         <file>uart.obj</file>
         <name>uart.obj</name>
      </input_file>
      <input_file id="fl-22">
         <path>./driverlib/</path>
         <kind>object</kind>
         <file>udma.obj</file>
         <name>udma.obj</name>
      </input_file>
      <input_file id="fl-23">
         <path>./driverlib/</path>
         <kind>object</kind>
         <file>usb.obj</file>
         <name>usb.obj</name>
      </input_file>
      <input_file id="fl-24">
         <path>./driverlib/</path>
         <kind>object</kind>
         <file>watchdog.obj</file>
         <name>watchdog.obj</name>
      </input_file>
      <input_file id="fl-25">
         <path>./drivers/</path>
         <kind>object</kind>
         <file>buttons.obj</file>
         <name>buttons.obj</name>
      </input_file>
      <input_file id="fl-26">
         <path>./drivers/</path>
         <kind>object</kind>
         <file>http.obj</file>
         <name>http.obj</name>
      </input_file>
      <input_file id="fl-27">
         <path>./drivers/</path>
         <kind>object</kind>
         <file>pinout.obj</file>
         <name>pinout.obj</name>
      </input_file>
      <input_file id="fl-28">
         <path>./utils/</path>
         <kind>object</kind>
         <file>uartstdio.obj</file>
         <name>uartstdio.obj</name>
      </input_file>
      <input_file id="fl-29">
         <path>./utils/</path>
         <kind>object</kind>
         <file>ustdlib.obj</file>
         <name>ustdlib.obj</name>
      </input_file>
      <input_file id="fl-31">
         <kind>object</kind>
         <file>&lt;internal&gt;</file>
         <name>&lt;internal&gt;</name>
      </input_file>
      <input_file id="fl-e7">
         <path>/home/abelsco/ti/ccsv8/tools/compiler/ti-cgt-arm_18.1.3.LTS/lib/</path>
         <kind>archive</kind>
         <file>rtsv7M4_T_le_v4SPD16_eabi.lib</file>
         <name>u_divt2.asm.obj</name>
      </input_file>
      <input_file id="fl-e8">
         <path>/home/abelsco/ti/ccsv8/tools/compiler/ti-cgt-arm_18.1.3.LTS/lib/</path>
         <kind>archive</kind>
         <file>rtsv7M4_T_le_v4SPD16_eabi.lib</file>
         <name>fd_div_t2.asm.obj</name>
      </input_file>
      <input_file id="fl-e9">
         <path>/home/abelsco/ti/ccsv8/tools/compiler/ti-cgt-arm_18.1.3.LTS/lib/</path>
         <kind>archive</kind>
         <file>rtsv7M4_T_le_v4SPD16_eabi.lib</file>
         <name>fd_toi_t2.asm.obj</name>
      </input_file>
      <input_file id="fl-ea">
         <path>/home/abelsco/ti/ccsv8/tools/compiler/ti-cgt-arm_18.1.3.LTS/lib/</path>
         <kind>archive</kind>
         <file>rtsv7M4_T_le_v4SPD16_eabi.lib</file>
         <name>i_tofd_t2.asm.obj</name>
      </input_file>
      <input_file id="fl-eb">
         <path>/home/abelsco/ti/ccsv8/tools/compiler/ti-cgt-arm_18.1.3.LTS/lib/</path>
         <kind>archive</kind>
         <file>rtsv7M4_T_le_v4SPD16_eabi.lib</file>
         <name>copy_zero_init.c.obj</name>
      </input_file>
      <input_file id="fl-ec">
         <path>/home/abelsco/ti/ccsv8/tools/compiler/ti-cgt-arm_18.1.3.LTS/lib/</path>
         <kind>archive</kind>
         <file>rtsv7M4_T_le_v4SPD16_eabi.lib</file>
         <name>copy_decompress_none.c.obj</name>
      </input_file>
      <input_file id="fl-ed">
         <path>/home/abelsco/ti/ccsv8/tools/compiler/ti-cgt-arm_18.1.3.LTS/lib/</path>
         <kind>archive</kind>
         <file>rtsv7M4_T_le_v4SPD16_eabi.lib</file>
         <name>copy_decompress_lzss.c.obj</name>
      </input_file>
      <input_file id="fl-ee">
         <path>/home/abelsco/ti/ccsv8/tools/compiler/ti-cgt-arm_18.1.3.LTS/lib/</path>
         <kind>archive</kind>
         <file>rtsv7M4_T_le_v4SPD16_eabi.lib</file>
         <name>strcat.c.obj</name>
      </input_file>
      <input_file id="fl-ef">
         <path>/home/abelsco/ti/ccsv8/tools/compiler/ti-cgt-arm_18.1.3.LTS/lib/</path>
         <kind>archive</kind>
         <file>rtsv7M4_T_le_v4SPD16_eabi.lib</file>
         <name>strlen.c.obj</name>
      </input_file>
      <input_file id="fl-f0">
         <path>/home/abelsco/ti/ccsv8/tools/compiler/ti-cgt-arm_18.1.3.LTS/lib/</path>
         <kind>archive</kind>
         <file>rtsv7M4_T_le_v4SPD16_eabi.lib</file>
         <name>boot_cortex_m.c.obj</name>
      </input_file>
      <input_file id="fl-f1">
         <path>/home/abelsco/ti/ccsv8/tools/compiler/ti-cgt-arm_18.1.3.LTS/lib/</path>
         <kind>archive</kind>
         <file>rtsv7M4_T_le_v4SPD16_eabi.lib</file>
         <name>div0.asm.obj</name>
      </input_file>
      <input_file id="fl-f2">
         <path>/home/abelsco/ti/ccsv8/tools/compiler/ti-cgt-arm_18.1.3.LTS/lib/</path>
         <kind>archive</kind>
         <file>rtsv7M4_T_le_v4SPD16_eabi.lib</file>
         <name>memset_t2.asm.obj</name>
      </input_file>
      <input_file id="fl-f3">
         <path>/home/abelsco/ti/ccsv8/tools/compiler/ti-cgt-arm_18.1.3.LTS/lib/</path>
         <kind>archive</kind>
         <file>rtsv7M4_T_le_v4SPD16_eabi.lib</file>
         <name>memcpy_t2.asm.obj</name>
      </input_file>
      <input_file id="fl-f4">
         <path>/home/abelsco/ti/ccsv8/tools/compiler/ti-cgt-arm_18.1.3.LTS/lib/</path>
         <kind>archive</kind>
         <file>rtsv7M4_T_le_v4SPD16_eabi.lib</file>
         <name>autoinit.c.obj</name>
      </input_file>
      <input_file id="fl-f5">
         <path>/home/abelsco/ti/ccsv8/tools/compiler/ti-cgt-arm_18.1.3.LTS/lib/</path>
         <kind>archive</kind>
         <file>rtsv7M4_T_le_v4SPD16_eabi.lib</file>
         <name>pre_init.c.obj</name>
      </input_file>
      <input_file id="fl-f6">
         <path>/home/abelsco/ti/ccsv8/tools/compiler/ti-cgt-arm_18.1.3.LTS/lib/</path>
         <kind>archive</kind>
         <file>rtsv7M4_T_le_v4SPD16_eabi.lib</file>
         <name>cpy_tbl.c.obj</name>
      </input_file>
      <input_file id="fl-f7">
         <path>/home/abelsco/ti/ccsv8/tools/compiler/ti-cgt-arm_18.1.3.LTS/lib/</path>
         <kind>archive</kind>
         <file>rtsv7M4_T_le_v4SPD16_eabi.lib</file>
         <name>exit.c.obj</name>
      </input_file>
      <input_file id="fl-f8">
         <path>/home/abelsco/ti/ccsv8/tools/compiler/ti-cgt-arm_18.1.3.LTS/lib/</path>
         <kind>archive</kind>
         <file>rtsv7M4_T_le_v4SPD16_eabi.lib</file>
         <name>_lock.c.obj</name>
      </input_file>
      <input_file id="fl-f9">
         <path>/home/abelsco/ti/ccsv8/tools/compiler/ti-cgt-arm_18.1.3.LTS/lib/</path>
         <kind>archive</kind>
         <file>rtsv7M4_T_le_v4SPD16_eabi.lib</file>
         <name>args_main.c.obj</name>
      </input_file>
   </input_file_list>
   <object_component_list>
      <object_component id="oc-f">
         <name>.intvecs</name>
         <load_address>0x0</load_address>
         <run_address>0x0</run_address>
         <size>0x208</size>
         <input_file_ref idref="fl-3"/>
      </object_component>
      <object_component id="oc-c6">
         <name>.text</name>
         <load_address>0x208</load_address>
         <run_address>0x208</run_address>
         <size>0xf80</size>
         <input_file_ref idref="fl-1d"/>
      </object_component>
      <object_component id="oc-cc">
         <name>.text</name>
         <load_address>0x1188</load_address>
         <run_address>0x1188</run_address>
         <size>0xb94</size>
         <input_file_ref idref="fl-11"/>
      </object_component>
      <object_component id="oc-d2">
         <name>.text</name>
         <load_address>0x1d1c</load_address>
         <run_address>0x1d1c</run_address>
         <size>0x62e</size>
         <input_file_ref idref="fl-21"/>
      </object_component>
      <object_component id="oc-1d8">
         <name>.text</name>
         <load_address>0x234a</load_address>
         <run_address>0x234a</run_address>
         <size>0x2</size>
         <input_file_ref idref="fl-f1"/>
      </object_component>
      <object_component id="oc-d8">
         <name>.text</name>
         <load_address>0x234c</load_address>
         <run_address>0x234c</run_address>
         <size>0x49c</size>
         <input_file_ref idref="fl-28"/>
      </object_component>
      <object_component id="oc-134">
         <name>.text</name>
         <load_address>0x27e8</load_address>
         <run_address>0x27e8</run_address>
         <size>0x3c0</size>
         <input_file_ref idref="fl-14"/>
      </object_component>
      <object_component id="oc-98">
         <name>.text</name>
         <load_address>0x2ba8</load_address>
         <run_address>0x2ba8</run_address>
         <size>0x344</size>
         <input_file_ref idref="fl-2"/>
      </object_component>
      <object_component id="oc-e3">
         <name>.text</name>
         <load_address>0x2eec</load_address>
         <run_address>0x2eec</run_address>
         <size>0x136</size>
         <input_file_ref idref="fl-e8"/>
      </object_component>
      <object_component id="oc-38">
         <name>.text</name>
         <load_address>0x3022</load_address>
         <run_address>0x3022</run_address>
         <size>0x9c</size>
         <input_file_ref idref="fl-f3"/>
      </object_component>
      <object_component id="oc-12">
         <name>.text:decompress:lzss:__TI_decompress_lzss</name>
         <load_address>0x30be</load_address>
         <run_address>0x30be</run_address>
         <size>0x68</size>
         <input_file_ref idref="fl-ed"/>
      </object_component>
      <object_component id="oc-e8">
         <name>.text</name>
         <load_address>0x3126</load_address>
         <run_address>0x3126</run_address>
         <size>0x48</size>
         <input_file_ref idref="fl-e9"/>
      </object_component>
      <object_component id="oc-fd">
         <name>.text:__TI_auto_init_nobinit_nopinit:__TI_auto_init_nobinit_nopinit</name>
         <load_address>0x3170</load_address>
         <run_address>0x3170</run_address>
         <size>0x44</size>
         <input_file_ref idref="fl-f4"/>
      </object_component>
      <object_component id="oc-16c">
         <name>.text</name>
         <load_address>0x31b4</load_address>
         <run_address>0x31b4</run_address>
         <size>0x40</size>
         <input_file_ref idref="fl-e7"/>
      </object_component>
      <object_component id="oc-13a">
         <name>.text</name>
         <load_address>0x31f4</load_address>
         <run_address>0x31f4</run_address>
         <size>0x3e</size>
         <input_file_ref idref="fl-8"/>
      </object_component>
      <object_component id="oc-56">
         <name>.text:_c_int00_noargs:_c_int00_noargs</name>
         <load_address>0x3234</load_address>
         <run_address>0x3234</run_address>
         <size>0x38</size>
         <input_file_ref idref="fl-f0"/>
      </object_component>
      <object_component id="oc-de">
         <name>.text</name>
         <load_address>0x326c</load_address>
         <run_address>0x326c</run_address>
         <size>0x2e</size>
         <input_file_ref idref="fl-ea"/>
      </object_component>
      <object_component id="oc-44">
         <name>.text:decompress:ZI:__TI_zero_init_nomemset:__TI_zero_init_nomemset</name>
         <load_address>0x329a</load_address>
         <run_address>0x329a</run_address>
         <size>0x12</size>
         <input_file_ref idref="fl-eb"/>
      </object_component>
      <object_component id="oc-18">
         <name>.text:decompress:none:__TI_decompress_none</name>
         <load_address>0x32ac</load_address>
         <run_address>0x32ac</run_address>
         <size>0xe</size>
         <input_file_ref idref="fl-ec"/>
      </object_component>
      <object_component id="oc-24">
         <name>.text</name>
         <load_address>0x32ba</load_address>
         <run_address>0x32ba</run_address>
         <size>0xc</size>
         <input_file_ref idref="fl-3"/>
      </object_component>
      <object_component id="oc-ed">
         <name>.text:SysCtlDelay</name>
         <load_address>0x32c6</load_address>
         <run_address>0x32c6</run_address>
         <size>0x6</size>
         <input_file_ref idref="fl-1d"/>
      </object_component>
      <object_component id="oc-92">
         <name>.text:_system_pre_init</name>
         <load_address>0x32cc</load_address>
         <run_address>0x32cc</run_address>
         <size>0x4</size>
         <input_file_ref idref="fl-f5"/>
      </object_component>
      <object_component id="oc-f1">
         <name>.text:abort:abort</name>
         <load_address>0x32d0</load_address>
         <run_address>0x32d0</run_address>
         <size>0x4</size>
         <input_file_ref idref="fl-f7"/>
      </object_component>
      <object_component id="oc-146">
         <name>.const:g_pppui32XTALtoVCO</name>
         <load_address>0x32d4</load_address>
         <run_address>0x32d4</run_address>
         <size>0x1b0</size>
         <input_file_ref idref="fl-1d"/>
      </object_component>
      <object_component id="oc-153">
         <name>.const:g_ppui32GPIOIntMapSnowflake</name>
         <load_address>0x3484</load_address>
         <run_address>0x3484</run_address>
         <size>0xd8</size>
         <input_file_ref idref="fl-11"/>
      </object_component>
      <object_component id="oc-150">
         <name>.const:g_ppui32GPIOIntMapBlizzard</name>
         <load_address>0x355c</load_address>
         <run_address>0x355c</run_address>
         <size>0xc0</size>
         <input_file_ref idref="fl-11"/>
      </object_component>
      <object_component id="oc-1a6">
         <name>.const:g_pui32Regs</name>
         <load_address>0x361c</load_address>
         <run_address>0x361c</run_address>
         <size>0x9c</size>
         <input_file_ref idref="fl-14"/>
      </object_component>
      <object_component id="oc-156">
         <name>.const:g_pui32GPIOBaseAddrs</name>
         <load_address>0x36b8</load_address>
         <run_address>0x36b8</run_address>
         <size>0x90</size>
         <input_file_ref idref="fl-11"/>
      </object_component>
      <object_component id="oc-140">
         <name>.const:g_pui32Xtals</name>
         <load_address>0x3748</load_address>
         <run_address>0x3748</run_address>
         <size>0x6c</size>
         <input_file_ref idref="fl-1d"/>
      </object_component>
      <object_component id="oc-15b">
         <name>.const:g_ppui32UARTIntMap</name>
         <load_address>0x37b4</load_address>
         <run_address>0x37b4</run_address>
         <size>0x40</size>
         <input_file_ref idref="fl-21"/>
      </object_component>
      <object_component id="oc-15e">
         <name>.const:g_ppui32UARTIntMapSnowflake</name>
         <load_address>0x37f4</load_address>
         <run_address>0x37f4</run_address>
         <size>0x40</size>
         <input_file_ref idref="fl-21"/>
      </object_component>
      <object_component id="oc-131">
         <name>.const:g_sXTALtoMEMTIM</name>
         <load_address>0x3834</load_address>
         <run_address>0x3834</run_address>
         <size>0x30</size>
         <input_file_ref idref="fl-1d"/>
      </object_component>
      <object_component id="oc-1a3">
         <name>.const:g_pui32Priority</name>
         <load_address>0x3864</load_address>
         <run_address>0x3864</run_address>
         <size>0x20</size>
         <input_file_ref idref="fl-14"/>
      </object_component>
      <object_component id="oc-1ac">
         <name>.const:g_pui32Dii16Regs</name>
         <load_address>0x3884</load_address>
         <run_address>0x3884</run_address>
         <size>0x14</size>
         <input_file_ref idref="fl-14"/>
      </object_component>
      <object_component id="oc-1a9">
         <name>.const:g_pui32EnRegs</name>
         <load_address>0x3898</load_address>
         <run_address>0x3898</run_address>
         <size>0x14</size>
         <input_file_ref idref="fl-14"/>
      </object_component>
      <object_component id="oc-1af">
         <name>.const:g_pui32PendRegs</name>
         <load_address>0x38ac</load_address>
         <run_address>0x38ac</run_address>
         <size>0x14</size>
         <input_file_ref idref="fl-14"/>
      </object_component>
      <object_component id="oc-1b2">
         <name>.const:g_pui32UnpendRegs</name>
         <load_address>0x38c0</load_address>
         <run_address>0x38c0</run_address>
         <size>0x14</size>
         <input_file_ref idref="fl-14"/>
      </object_component>
      <object_component id="oc-1de">
         <name>.const:.string</name>
         <load_address>0x38d4</load_address>
         <run_address>0x38d4</run_address>
         <size>0x12</size>
         <input_file_ref idref="fl-28"/>
      </object_component>
      <object_component id="oc-169">
         <name>.const:g_ui32UARTBase</name>
         <load_address>0x38e8</load_address>
         <run_address>0x38e8</run_address>
         <size>0xc</size>
         <input_file_ref idref="fl-28"/>
      </object_component>
      <object_component id="oc-163">
         <name>.const:g_ui32UARTPeriph</name>
         <load_address>0x38f4</load_address>
         <run_address>0x38f4</run_address>
         <size>0xc</size>
         <input_file_ref idref="fl-28"/>
      </object_component>
      <object_component id="oc-143">
         <name>.const:g_pui32VCOFrequencies</name>
         <load_address>0x3900</load_address>
         <run_address>0x3900</run_address>
         <size>0x8</size>
         <input_file_ref idref="fl-1d"/>
      </object_component>
      <object_component id="oc-171">
         <name>.const</name>
         <load_address>0x3908</load_address>
         <run_address>0x3908</run_address>
         <size>0x4</size>
         <input_file_ref idref="fl-28"/>
      </object_component>
      <object_component id="oc-24b">
         <name>__TI_handler_table</name>
         <load_address>0x3910</load_address>
         <run_address>0x3910</run_address>
         <size>0xc</size>
      </object_component>
      <object_component id="oc-24f">
         <name>.cinit..bss.load</name>
         <load_address>0x3920</load_address>
         <run_address>0x3920</run_address>
         <size>0x8</size>
      </object_component>
      <object_component id="oc-24d">
         <name>.cinit..vtable.load</name>
         <load_address>0x3928</load_address>
         <run_address>0x3928</run_address>
         <size>0x8</size>
      </object_component>
      <object_component id="oc-24e">
         <name>.cinit..data.load</name>
         <load_address>0x3930</load_address>
         <run_address>0x3930</run_address>
         <size>0x7</size>
      </object_component>
      <object_component id="oc-24c">
         <name>__TI_cinit_table</name>
         <load_address>0x3938</load_address>
         <run_address>0x3938</run_address>
         <size>0x18</size>
      </object_component>
      <object_component id="oc-1a0">
         <name>.vtable</name>
         <uninitialized>true</uninitialized>
         <run_address>0x20000000</run_address>
         <size>0x26c</size>
         <input_file_ref idref="fl-14"/>
      </object_component>
      <object_component id="oc-166">
         <name>.data</name>
         <load_address>0x20000478</load_address>
         <run_address>0x20000478</run_address>
         <size>0x5</size>
         <input_file_ref idref="fl-28"/>
      </object_component>
      <object_component id="oc-ee">
         <name>.common:angulo</name>
         <uninitialized>true</uninitialized>
         <run_address>0x20000470</run_address>
         <size>0x4</size>
      </object_component>
      <object_component id="oc-ef">
         <name>.common:angulo1</name>
         <uninitialized>true</uninitialized>
         <run_address>0x20000474</run_address>
         <size>0x4</size>
      </object_component>
      <object_component id="oc-21">
         <name>.stack</name>
         <uninitialized>true</uninitialized>
         <run_address>0x20000270</run_address>
         <size>0x4</size>
         <input_file_ref idref="fl-f0"/>
      </object_component>
      <object_component id="oc-250">
         <name>.stack</name>
         <uninitialized>true</uninitialized>
         <run_address>0x20000270</run_address>
         <size>0x0</size>
      </object_component>
      <object_component id="oc-b4">
         <name>.debug_info</name>
         <load_address>0x0</load_address>
         <run_address>0x0</run_address>
         <size>0x599</size>
         <input_file_ref idref="fl-2"/>
      </object_component>
      <object_component id="oc-99">
         <name>.debug_info</name>
         <load_address>0x599</load_address>
         <run_address>0x599</run_address>
         <size>0x5ca</size>
         <input_file_ref idref="fl-2"/>
      </object_component>
      <object_component id="oc-6d">
         <name>.debug_info</name>
         <load_address>0xb63</load_address>
         <run_address>0xb63</run_address>
         <size>0x26b</size>
         <input_file_ref idref="fl-2"/>
      </object_component>
      <object_component id="oc-af">
         <name>.debug_info</name>
         <load_address>0xdce</load_address>
         <run_address>0xdce</run_address>
         <size>0x8b</size>
         <input_file_ref idref="fl-2"/>
      </object_component>
      <object_component id="oc-aa">
         <name>.debug_info</name>
         <load_address>0xe59</load_address>
         <run_address>0xe59</run_address>
         <size>0x297</size>
         <input_file_ref idref="fl-2"/>
      </object_component>
      <object_component id="oc-14a">
         <name>.debug_info</name>
         <load_address>0x10f0</load_address>
         <run_address>0x10f0</run_address>
         <size>0xef</size>
         <input_file_ref idref="fl-2"/>
      </object_component>
      <object_component id="oc-72">
         <name>.debug_info</name>
         <load_address>0x11df</load_address>
         <run_address>0x11df</run_address>
         <size>0xbb</size>
         <input_file_ref idref="fl-2"/>
      </object_component>
      <object_component id="oc-176">
         <name>.debug_info</name>
         <load_address>0x129a</load_address>
         <run_address>0x129a</run_address>
         <size>0x2c</size>
         <input_file_ref idref="fl-2"/>
      </object_component>
      <object_component id="oc-2c">
         <name>.debug_info</name>
         <load_address>0x12c6</load_address>
         <run_address>0x12c6</run_address>
         <size>0x2d8</size>
         <input_file_ref idref="fl-3"/>
      </object_component>
      <object_component id="oc-10">
         <name>.debug_info</name>
         <load_address>0x159e</load_address>
         <run_address>0x159e</run_address>
         <size>0x117</size>
         <input_file_ref idref="fl-3"/>
      </object_component>
      <object_component id="oc-25">
         <name>.debug_info</name>
         <load_address>0x16b5</load_address>
         <run_address>0x16b5</run_address>
         <size>0x296</size>
         <input_file_ref idref="fl-3"/>
      </object_component>
      <object_component id="oc-33">
         <name>.debug_info</name>
         <load_address>0x194b</load_address>
         <run_address>0x194b</run_address>
         <size>0x84</size>
         <input_file_ref idref="fl-3"/>
      </object_component>
      <object_component id="oc-13b">
         <name>.debug_info</name>
         <load_address>0x19cf</load_address>
         <run_address>0x19cf</run_address>
         <size>0x363</size>
         <input_file_ref idref="fl-8"/>
      </object_component>
      <object_component id="oc-15a">
         <name>.debug_info</name>
         <load_address>0x1d32</load_address>
         <run_address>0x1d32</run_address>
         <size>0x387</size>
         <input_file_ref idref="fl-11"/>
      </object_component>
      <object_component id="oc-151">
         <name>.debug_info</name>
         <load_address>0x20b9</load_address>
         <run_address>0x20b9</run_address>
         <size>0x127</size>
         <input_file_ref idref="fl-11"/>
      </object_component>
      <object_component id="oc-154">
         <name>.debug_info</name>
         <load_address>0x21e0</load_address>
         <run_address>0x21e0</run_address>
         <size>0x129</size>
         <input_file_ref idref="fl-11"/>
      </object_component>
      <object_component id="oc-157">
         <name>.debug_info</name>
         <load_address>0x2309</load_address>
         <run_address>0x2309</run_address>
         <size>0x11b</size>
         <input_file_ref idref="fl-11"/>
      </object_component>
      <object_component id="oc-cd">
         <name>.debug_info</name>
         <load_address>0x2424</load_address>
         <run_address>0x2424</run_address>
         <size>0x314a</size>
         <input_file_ref idref="fl-11"/>
      </object_component>
      <object_component id="oc-1b6">
         <name>.debug_info</name>
         <load_address>0x556e</load_address>
         <run_address>0x556e</run_address>
         <size>0x364</size>
         <input_file_ref idref="fl-14"/>
      </object_component>
      <object_component id="oc-1a4">
         <name>.debug_info</name>
         <load_address>0x58d2</load_address>
         <run_address>0x58d2</run_address>
         <size>0x116</size>
         <input_file_ref idref="fl-14"/>
      </object_component>
      <object_component id="oc-1a7">
         <name>.debug_info</name>
         <load_address>0x59e8</load_address>
         <run_address>0x59e8</run_address>
         <size>0x10e</size>
         <input_file_ref idref="fl-14"/>
      </object_component>
      <object_component id="oc-1aa">
         <name>.debug_info</name>
         <load_address>0x5af6</load_address>
         <run_address>0x5af6</run_address>
         <size>0x112</size>
         <input_file_ref idref="fl-14"/>
      </object_component>
      <object_component id="oc-1ad">
         <name>.debug_info</name>
         <load_address>0x5c08</load_address>
         <run_address>0x5c08</run_address>
         <size>0x118</size>
         <input_file_ref idref="fl-14"/>
      </object_component>
      <object_component id="oc-1b0">
         <name>.debug_info</name>
         <load_address>0x5d20</load_address>
         <run_address>0x5d20</run_address>
         <size>0x116</size>
         <input_file_ref idref="fl-14"/>
      </object_component>
      <object_component id="oc-1b3">
         <name>.debug_info</name>
         <load_address>0x5e36</load_address>
         <run_address>0x5e36</run_address>
         <size>0x11a</size>
         <input_file_ref idref="fl-14"/>
      </object_component>
      <object_component id="oc-1a1">
         <name>.debug_info</name>
         <load_address>0x5f50</load_address>
         <run_address>0x5f50</run_address>
         <size>0x117</size>
         <input_file_ref idref="fl-14"/>
      </object_component>
      <object_component id="oc-135">
         <name>.debug_info</name>
         <load_address>0x6067</load_address>
         <run_address>0x6067</run_address>
         <size>0xd17</size>
         <input_file_ref idref="fl-14"/>
      </object_component>
      <object_component id="oc-14f">
         <name>.debug_info</name>
         <load_address>0x6d7e</load_address>
         <run_address>0x6d7e</run_address>
         <size>0x3e9</size>
         <input_file_ref idref="fl-1d"/>
      </object_component>
      <object_component id="oc-141">
         <name>.debug_info</name>
         <load_address>0x7167</load_address>
         <run_address>0x7167</run_address>
         <size>0x10d</size>
         <input_file_ref idref="fl-1d"/>
      </object_component>
      <object_component id="oc-147">
         <name>.debug_info</name>
         <load_address>0x7274</load_address>
         <run_address>0x7274</run_address>
         <size>0x119</size>
         <input_file_ref idref="fl-1d"/>
      </object_component>
      <object_component id="oc-132">
         <name>.debug_info</name>
         <load_address>0x738d</load_address>
         <run_address>0x738d</run_address>
         <size>0x113</size>
         <input_file_ref idref="fl-1d"/>
      </object_component>
      <object_component id="oc-144">
         <name>.debug_info</name>
         <load_address>0x74a0</load_address>
         <run_address>0x74a0</run_address>
         <size>0x120</size>
         <input_file_ref idref="fl-1d"/>
      </object_component>
      <object_component id="oc-c7">
         <name>.debug_info</name>
         <load_address>0x75c0</load_address>
         <run_address>0x75c0</run_address>
         <size>0x2b5d</size>
         <input_file_ref idref="fl-1d"/>
      </object_component>
      <object_component id="oc-1c0">
         <name>.debug_info</name>
         <load_address>0xa11d</load_address>
         <run_address>0xa11d</run_address>
         <size>0x51</size>
         <input_file_ref idref="fl-1d"/>
      </object_component>
      <object_component id="oc-162">
         <name>.debug_info</name>
         <load_address>0xa16e</load_address>
         <run_address>0xa16e</run_address>
         <size>0x369</size>
         <input_file_ref idref="fl-21"/>
      </object_component>
      <object_component id="oc-15c">
         <name>.debug_info</name>
         <load_address>0xa4d7</load_address>
         <run_address>0xa4d7</run_address>
         <size>0x117</size>
         <input_file_ref idref="fl-21"/>
      </object_component>
      <object_component id="oc-15f">
         <name>.debug_info</name>
         <load_address>0xa5ee</load_address>
         <run_address>0xa5ee</run_address>
         <size>0x129</size>
         <input_file_ref idref="fl-21"/>
      </object_component>
      <object_component id="oc-d3">
         <name>.debug_info</name>
         <load_address>0xa717</load_address>
         <run_address>0xa717</run_address>
         <size>0x2729</size>
         <input_file_ref idref="fl-21"/>
      </object_component>
      <object_component id="oc-bd">
         <name>.debug_info</name>
         <load_address>0xce40</load_address>
         <run_address>0xce40</run_address>
         <size>0x2c</size>
         <input_file_ref idref="fl-26"/>
      </object_component>
      <object_component id="oc-175">
         <name>.debug_info</name>
         <load_address>0xce6c</load_address>
         <run_address>0xce6c</run_address>
         <size>0x411</size>
         <input_file_ref idref="fl-28"/>
      </object_component>
      <object_component id="oc-167">
         <name>.debug_info</name>
         <load_address>0xd27d</load_address>
         <run_address>0xd27d</run_address>
         <size>0x108</size>
         <input_file_ref idref="fl-28"/>
      </object_component>
      <object_component id="oc-172">
         <name>.debug_info</name>
         <load_address>0xd385</load_address>
         <run_address>0xd385</run_address>
         <size>0x102</size>
         <input_file_ref idref="fl-28"/>
      </object_component>
      <object_component id="oc-16a">
         <name>.debug_info</name>
         <load_address>0xd487</load_address>
         <run_address>0xd487</run_address>
         <size>0x110</size>
         <input_file_ref idref="fl-28"/>
      </object_component>
      <object_component id="oc-164">
         <name>.debug_info</name>
         <load_address>0xd597</load_address>
         <run_address>0xd597</run_address>
         <size>0x114</size>
         <input_file_ref idref="fl-28"/>
      </object_component>
      <object_component id="oc-d9">
         <name>.debug_info</name>
         <load_address>0xd6ab</load_address>
         <run_address>0xd6ab</run_address>
         <size>0x7f9</size>
         <input_file_ref idref="fl-28"/>
      </object_component>
      <object_component id="oc-16d">
         <name>.debug_info</name>
         <load_address>0xdea4</load_address>
         <run_address>0xdea4</run_address>
         <size>0x13a</size>
         <input_file_ref idref="fl-e7"/>
      </object_component>
      <object_component id="oc-e4">
         <name>.debug_info</name>
         <load_address>0xdfde</load_address>
         <run_address>0xdfde</run_address>
         <size>0x132</size>
         <input_file_ref idref="fl-e8"/>
      </object_component>
      <object_component id="oc-ea">
         <name>.debug_info</name>
         <load_address>0xe110</load_address>
         <run_address>0xe110</run_address>
         <size>0x126</size>
         <input_file_ref idref="fl-e9"/>
      </object_component>
      <object_component id="oc-e1">
         <name>.debug_info</name>
         <load_address>0xe236</load_address>
         <run_address>0xe236</run_address>
         <size>0x124</size>
         <input_file_ref idref="fl-ea"/>
      </object_component>
      <object_component id="oc-8b">
         <name>.debug_info</name>
         <load_address>0xe35a</load_address>
         <run_address>0xe35a</run_address>
         <size>0x313</size>
         <input_file_ref idref="fl-eb"/>
      </object_component>
      <object_component id="oc-45">
         <name>.debug_info</name>
         <load_address>0xe66d</load_address>
         <run_address>0xe66d</run_address>
         <size>0x1b4</size>
         <input_file_ref idref="fl-eb"/>
      </object_component>
      <object_component id="oc-86">
         <name>.debug_info</name>
         <load_address>0xe821</load_address>
         <run_address>0xe821</run_address>
         <size>0x46</size>
         <input_file_ref idref="fl-eb"/>
      </object_component>
      <object_component id="oc-43">
         <name>.debug_info</name>
         <load_address>0xe867</load_address>
         <run_address>0xe867</run_address>
         <size>0x29d</size>
         <input_file_ref idref="fl-ec"/>
      </object_component>
      <object_component id="oc-19">
         <name>.debug_info</name>
         <load_address>0xeb04</load_address>
         <run_address>0xeb04</run_address>
         <size>0x1df</size>
         <input_file_ref idref="fl-ec"/>
      </object_component>
      <object_component id="oc-3e">
         <name>.debug_info</name>
         <load_address>0xece3</load_address>
         <run_address>0xece3</run_address>
         <size>0x46</size>
         <input_file_ref idref="fl-ec"/>
      </object_component>
      <object_component id="oc-7e">
         <name>.debug_info</name>
         <load_address>0xed29</load_address>
         <run_address>0xed29</run_address>
         <size>0x2c</size>
         <input_file_ref idref="fl-ec"/>
      </object_component>
      <object_component id="oc-7c">
         <name>.debug_info</name>
         <load_address>0xed55</load_address>
         <run_address>0xed55</run_address>
         <size>0x293</size>
         <input_file_ref idref="fl-ed"/>
      </object_component>
      <object_component id="oc-13">
         <name>.debug_info</name>
         <load_address>0xefe8</load_address>
         <run_address>0xefe8</run_address>
         <size>0x245</size>
         <input_file_ref idref="fl-ed"/>
      </object_component>
      <object_component id="oc-2e">
         <name>.debug_info</name>
         <load_address>0xf22d</load_address>
         <run_address>0xf22d</run_address>
         <size>0x60</size>
         <input_file_ref idref="fl-ed"/>
      </object_component>
      <object_component id="oc-b6">
         <name>.debug_info</name>
         <load_address>0xf28d</load_address>
         <run_address>0xf28d</run_address>
         <size>0x46</size>
         <input_file_ref idref="fl-ed"/>
      </object_component>
      <object_component id="oc-77">
         <name>.debug_info</name>
         <load_address>0xf2d3</load_address>
         <run_address>0xf2d3</run_address>
         <size>0x39</size>
         <input_file_ref idref="fl-ed"/>
      </object_component>
      <object_component id="oc-22">
         <name>.debug_info</name>
         <load_address>0xf30c</load_address>
         <run_address>0xf30c</run_address>
         <size>0x100</size>
         <input_file_ref idref="fl-f0"/>
      </object_component>
      <object_component id="oc-57">
         <name>.debug_info</name>
         <load_address>0xf40c</load_address>
         <run_address>0xf40c</run_address>
         <size>0x1a4</size>
         <input_file_ref idref="fl-f0"/>
      </object_component>
      <object_component id="oc-1d9">
         <name>.debug_info</name>
         <load_address>0xf5b0</load_address>
         <run_address>0xf5b0</run_address>
         <size>0x10d</size>
         <input_file_ref idref="fl-f1"/>
      </object_component>
      <object_component id="oc-39">
         <name>.debug_info</name>
         <load_address>0xf6bd</load_address>
         <run_address>0xf6bd</run_address>
         <size>0x111</size>
         <input_file_ref idref="fl-f3"/>
      </object_component>
      <object_component id="oc-189">
         <name>.debug_info</name>
         <load_address>0xf7ce</load_address>
         <run_address>0xf7ce</run_address>
         <size>0x547</size>
         <input_file_ref idref="fl-f4"/>
      </object_component>
      <object_component id="oc-fe">
         <name>.debug_info</name>
         <load_address>0xfd15</load_address>
         <run_address>0xfd15</run_address>
         <size>0x19b</size>
         <input_file_ref idref="fl-f4"/>
      </object_component>
      <object_component id="oc-1f3">
         <name>.debug_info</name>
         <load_address>0xfeb0</load_address>
         <run_address>0xfeb0</run_address>
         <size>0x39</size>
         <input_file_ref idref="fl-f4"/>
      </object_component>
      <object_component id="oc-218">
         <name>.debug_info</name>
         <load_address>0xfee9</load_address>
         <run_address>0xfee9</run_address>
         <size>0x39</size>
         <input_file_ref idref="fl-f4"/>
      </object_component>
      <object_component id="oc-1f8">
         <name>.debug_info</name>
         <load_address>0xff22</load_address>
         <run_address>0xff22</run_address>
         <size>0x39</size>
         <input_file_ref idref="fl-f4"/>
      </object_component>
      <object_component id="oc-1fd">
         <name>.debug_info</name>
         <load_address>0xff5b</load_address>
         <run_address>0xff5b</run_address>
         <size>0xcd</size>
         <input_file_ref idref="fl-f4"/>
      </object_component>
      <object_component id="oc-93">
         <name>.debug_info</name>
         <load_address>0x10028</load_address>
         <run_address>0x10028</run_address>
         <size>0x148</size>
         <input_file_ref idref="fl-f5"/>
      </object_component>
      <object_component id="oc-f2">
         <name>.debug_info</name>
         <load_address>0x10170</load_address>
         <run_address>0x10170</run_address>
         <size>0x117</size>
         <input_file_ref idref="fl-f7"/>
      </object_component>
      <object_component id="oc-251">
         <name>.debug_info</name>
         <load_address>0x10287</load_address>
         <run_address>0x10287</run_address>
         <size>0xcc</size>
      </object_component>
      <object_component id="oc-130">
         <name>.debug_line</name>
         <load_address>0x0</load_address>
         <run_address>0x0</run_address>
         <size>0x8c</size>
         <input_file_ref idref="fl-2"/>
      </object_component>
      <object_component id="oc-9c">
         <name>.debug_line</name>
         <load_address>0x8c</load_address>
         <run_address>0x8c</run_address>
         <size>0x153</size>
         <input_file_ref idref="fl-2"/>
      </object_component>
      <object_component id="oc-70">
         <name>.debug_line</name>
         <load_address>0x1df</load_address>
         <run_address>0x1df</run_address>
         <size>0x74</size>
         <input_file_ref idref="fl-2"/>
      </object_component>
      <object_component id="oc-b2">
         <name>.debug_line</name>
         <load_address>0x253</load_address>
         <run_address>0x253</run_address>
         <size>0x20</size>
         <input_file_ref idref="fl-2"/>
      </object_component>
      <object_component id="oc-ad">
         <name>.debug_line</name>
         <load_address>0x273</load_address>
         <run_address>0x273</run_address>
         <size>0x78</size>
         <input_file_ref idref="fl-2"/>
      </object_component>
      <object_component id="oc-14d">
         <name>.debug_line</name>
         <load_address>0x2eb</load_address>
         <run_address>0x2eb</run_address>
         <size>0x74</size>
         <input_file_ref idref="fl-2"/>
      </object_component>
      <object_component id="oc-75">
         <name>.debug_line</name>
         <load_address>0x35f</load_address>
         <run_address>0x35f</run_address>
         <size>0x75</size>
         <input_file_ref idref="fl-2"/>
      </object_component>
      <object_component id="oc-179">
         <name>.debug_line</name>
         <load_address>0x3d4</load_address>
         <run_address>0x3d4</run_address>
         <size>0x70</size>
         <input_file_ref idref="fl-2"/>
      </object_component>
      <object_component id="oc-6c">
         <name>.debug_line</name>
         <load_address>0x444</load_address>
         <run_address>0x444</run_address>
         <size>0x42</size>
         <input_file_ref idref="fl-3"/>
      </object_component>
      <object_component id="oc-2b">
         <name>.debug_line</name>
         <load_address>0x486</load_address>
         <run_address>0x486</run_address>
         <size>0x42</size>
         <input_file_ref idref="fl-3"/>
      </object_component>
      <object_component id="oc-28">
         <name>.debug_line</name>
         <load_address>0x4c8</load_address>
         <run_address>0x4c8</run_address>
         <size>0xa2</size>
         <input_file_ref idref="fl-3"/>
      </object_component>
      <object_component id="oc-36">
         <name>.debug_line</name>
         <load_address>0x56a</load_address>
         <run_address>0x56a</run_address>
         <size>0x20</size>
         <input_file_ref idref="fl-3"/>
      </object_component>
      <object_component id="oc-13e">
         <name>.debug_line</name>
         <load_address>0x58a</load_address>
         <run_address>0x58a</run_address>
         <size>0xd9</size>
         <input_file_ref idref="fl-8"/>
      </object_component>
      <object_component id="oc-1cb">
         <name>.debug_line</name>
         <load_address>0x663</load_address>
         <run_address>0x663</run_address>
         <size>0x8f</size>
         <input_file_ref idref="fl-11"/>
      </object_component>
      <object_component id="oc-1c5">
         <name>.debug_line</name>
         <load_address>0x6f2</load_address>
         <run_address>0x6f2</run_address>
         <size>0x37</size>
         <input_file_ref idref="fl-11"/>
      </object_component>
      <object_component id="oc-1c7">
         <name>.debug_line</name>
         <load_address>0x729</load_address>
         <run_address>0x729</run_address>
         <size>0x37</size>
         <input_file_ref idref="fl-11"/>
      </object_component>
      <object_component id="oc-1c9">
         <name>.debug_line</name>
         <load_address>0x760</load_address>
         <run_address>0x760</run_address>
         <size>0x37</size>
         <input_file_ref idref="fl-11"/>
      </object_component>
      <object_component id="oc-d0">
         <name>.debug_line</name>
         <load_address>0x797</load_address>
         <run_address>0x797</run_address>
         <size>0x632</size>
         <input_file_ref idref="fl-11"/>
      </object_component>
      <object_component id="oc-213">
         <name>.debug_line</name>
         <load_address>0xdc9</load_address>
         <run_address>0xdc9</run_address>
         <size>0x89</size>
         <input_file_ref idref="fl-14"/>
      </object_component>
      <object_component id="oc-207">
         <name>.debug_line</name>
         <load_address>0xe52</load_address>
         <run_address>0xe52</run_address>
         <size>0x3c</size>
         <input_file_ref idref="fl-14"/>
      </object_component>
      <object_component id="oc-209">
         <name>.debug_line</name>
         <load_address>0xe8e</load_address>
         <run_address>0xe8e</run_address>
         <size>0x3c</size>
         <input_file_ref idref="fl-14"/>
      </object_component>
      <object_component id="oc-20b">
         <name>.debug_line</name>
         <load_address>0xeca</load_address>
         <run_address>0xeca</run_address>
         <size>0x3c</size>
         <input_file_ref idref="fl-14"/>
      </object_component>
      <object_component id="oc-20d">
         <name>.debug_line</name>
         <load_address>0xf06</load_address>
         <run_address>0xf06</run_address>
         <size>0x3c</size>
         <input_file_ref idref="fl-14"/>
      </object_component>
      <object_component id="oc-20f">
         <name>.debug_line</name>
         <load_address>0xf42</load_address>
         <run_address>0xf42</run_address>
         <size>0x3c</size>
         <input_file_ref idref="fl-14"/>
      </object_component>
      <object_component id="oc-211">
         <name>.debug_line</name>
         <load_address>0xf7e</load_address>
         <run_address>0xf7e</run_address>
         <size>0x3c</size>
         <input_file_ref idref="fl-14"/>
      </object_component>
      <object_component id="oc-205">
         <name>.debug_line</name>
         <load_address>0xfba</load_address>
         <run_address>0xfba</run_address>
         <size>0x3c</size>
         <input_file_ref idref="fl-14"/>
      </object_component>
      <object_component id="oc-138">
         <name>.debug_line</name>
         <load_address>0xff6</load_address>
         <run_address>0xff6</run_address>
         <size>0x2ed</size>
         <input_file_ref idref="fl-14"/>
      </object_component>
      <object_component id="oc-1bf">
         <name>.debug_line</name>
         <load_address>0x12e3</load_address>
         <run_address>0x12e3</run_address>
         <size>0x164</size>
         <input_file_ref idref="fl-1d"/>
      </object_component>
      <object_component id="oc-1b9">
         <name>.debug_line</name>
         <load_address>0x1447</load_address>
         <run_address>0x1447</run_address>
         <size>0x39</size>
         <input_file_ref idref="fl-1d"/>
      </object_component>
      <object_component id="oc-1bd">
         <name>.debug_line</name>
         <load_address>0x1480</load_address>
         <run_address>0x1480</run_address>
         <size>0x39</size>
         <input_file_ref idref="fl-1d"/>
      </object_component>
      <object_component id="oc-19f">
         <name>.debug_line</name>
         <load_address>0x14b9</load_address>
         <run_address>0x14b9</run_address>
         <size>0x39</size>
         <input_file_ref idref="fl-1d"/>
      </object_component>
      <object_component id="oc-1bb">
         <name>.debug_line</name>
         <load_address>0x14f2</load_address>
         <run_address>0x14f2</run_address>
         <size>0x39</size>
         <input_file_ref idref="fl-1d"/>
      </object_component>
      <object_component id="oc-ca">
         <name>.debug_line</name>
         <load_address>0x152b</load_address>
         <run_address>0x152b</run_address>
         <size>0x9b0</size>
         <input_file_ref idref="fl-1d"/>
      </object_component>
      <object_component id="oc-1c2">
         <name>.debug_line</name>
         <load_address>0x1edb</load_address>
         <run_address>0x1edb</run_address>
         <size>0x39</size>
         <input_file_ref idref="fl-1d"/>
      </object_component>
      <object_component id="oc-1d1">
         <name>.debug_line</name>
         <load_address>0x1f14</load_address>
         <run_address>0x1f14</run_address>
         <size>0x8f</size>
         <input_file_ref idref="fl-21"/>
      </object_component>
      <object_component id="oc-1cd">
         <name>.debug_line</name>
         <load_address>0x1fa3</load_address>
         <run_address>0x1fa3</run_address>
         <size>0x37</size>
         <input_file_ref idref="fl-21"/>
      </object_component>
      <object_component id="oc-1cf">
         <name>.debug_line</name>
         <load_address>0x1fda</load_address>
         <run_address>0x1fda</run_address>
         <size>0x37</size>
         <input_file_ref idref="fl-21"/>
      </object_component>
      <object_component id="oc-d6">
         <name>.debug_line</name>
         <load_address>0x2011</load_address>
         <run_address>0x2011</run_address>
         <size>0x5b6</size>
         <input_file_ref idref="fl-21"/>
      </object_component>
      <object_component id="oc-c0">
         <name>.debug_line</name>
         <load_address>0x25c7</load_address>
         <run_address>0x25c7</run_address>
         <size>0x70</size>
         <input_file_ref idref="fl-26"/>
      </object_component>
      <object_component id="oc-1e2">
         <name>.debug_line</name>
         <load_address>0x2637</load_address>
         <run_address>0x2637</run_address>
         <size>0xf6</size>
         <input_file_ref idref="fl-28"/>
      </object_component>
      <object_component id="oc-1d5">
         <name>.debug_line</name>
         <load_address>0x272d</load_address>
         <run_address>0x272d</run_address>
         <size>0x38</size>
         <input_file_ref idref="fl-28"/>
      </object_component>
      <object_component id="oc-1e0">
         <name>.debug_line</name>
         <load_address>0x2765</load_address>
         <run_address>0x2765</run_address>
         <size>0x38</size>
         <input_file_ref idref="fl-28"/>
      </object_component>
      <object_component id="oc-1d7">
         <name>.debug_line</name>
         <load_address>0x279d</load_address>
         <run_address>0x279d</run_address>
         <size>0x38</size>
         <input_file_ref idref="fl-28"/>
      </object_component>
      <object_component id="oc-1d3">
         <name>.debug_line</name>
         <load_address>0x27d5</load_address>
         <run_address>0x27d5</run_address>
         <size>0x38</size>
         <input_file_ref idref="fl-28"/>
      </object_component>
      <object_component id="oc-dc">
         <name>.debug_line</name>
         <load_address>0x280d</load_address>
         <run_address>0x280d</run_address>
         <size>0x289</size>
         <input_file_ref idref="fl-28"/>
      </object_component>
      <object_component id="oc-170">
         <name>.debug_line</name>
         <load_address>0x2a96</load_address>
         <run_address>0x2a96</run_address>
         <size>0x5b</size>
         <input_file_ref idref="fl-e7"/>
      </object_component>
      <object_component id="oc-e7">
         <name>.debug_line</name>
         <load_address>0x2af1</load_address>
         <run_address>0x2af1</run_address>
         <size>0xa8</size>
         <input_file_ref idref="fl-e8"/>
      </object_component>
      <object_component id="oc-ec">
         <name>.debug_line</name>
         <load_address>0x2b99</load_address>
         <run_address>0x2b99</run_address>
         <size>0x5a</size>
         <input_file_ref idref="fl-e9"/>
      </object_component>
      <object_component id="oc-df">
         <name>.debug_line</name>
         <load_address>0x2bf3</load_address>
         <run_address>0x2bf3</run_address>
         <size>0x50</size>
         <input_file_ref idref="fl-ea"/>
      </object_component>
      <object_component id="oc-c3">
         <name>.debug_line</name>
         <load_address>0x2c43</load_address>
         <run_address>0x2c43</run_address>
         <size>0x9e</size>
         <input_file_ref idref="fl-eb"/>
      </object_component>
      <object_component id="oc-48">
         <name>.debug_line</name>
         <load_address>0x2ce1</load_address>
         <run_address>0x2ce1</run_address>
         <size>0x4f</size>
         <input_file_ref idref="fl-eb"/>
      </object_component>
      <object_component id="oc-89">
         <name>.debug_line</name>
         <load_address>0x2d30</load_address>
         <run_address>0x2d30</run_address>
         <size>0x34</size>
         <input_file_ref idref="fl-eb"/>
      </object_component>
      <object_component id="oc-84">
         <name>.debug_line</name>
         <load_address>0x2d64</load_address>
         <run_address>0x2d64</run_address>
         <size>0x20</size>
         <input_file_ref idref="fl-ec"/>
      </object_component>
      <object_component id="oc-1c">
         <name>.debug_line</name>
         <load_address>0x2d84</load_address>
         <run_address>0x2d84</run_address>
         <size>0x55</size>
         <input_file_ref idref="fl-ec"/>
      </object_component>
      <object_component id="oc-41">
         <name>.debug_line</name>
         <load_address>0x2dd9</load_address>
         <run_address>0x2dd9</run_address>
         <size>0x3a</size>
         <input_file_ref idref="fl-ec"/>
      </object_component>
      <object_component id="oc-81">
         <name>.debug_line</name>
         <load_address>0x2e13</load_address>
         <run_address>0x2e13</run_address>
         <size>0x8a</size>
         <input_file_ref idref="fl-ec"/>
      </object_component>
      <object_component id="oc-bc">
         <name>.debug_line</name>
         <load_address>0x2e9d</load_address>
         <run_address>0x2e9d</run_address>
         <size>0x20</size>
         <input_file_ref idref="fl-ed"/>
      </object_component>
      <object_component id="oc-16">
         <name>.debug_line</name>
         <load_address>0x2ebd</load_address>
         <run_address>0x2ebd</run_address>
         <size>0xa9</size>
         <input_file_ref idref="fl-ed"/>
      </object_component>
      <object_component id="oc-31">
         <name>.debug_line</name>
         <load_address>0x2f66</load_address>
         <run_address>0x2f66</run_address>
         <size>0x3a</size>
         <input_file_ref idref="fl-ed"/>
      </object_component>
      <object_component id="oc-b9">
         <name>.debug_line</name>
         <load_address>0x2fa0</load_address>
         <run_address>0x2fa0</run_address>
         <size>0x92</size>
         <input_file_ref idref="fl-ed"/>
      </object_component>
      <object_component id="oc-7a">
         <name>.debug_line</name>
         <load_address>0x3032</load_address>
         <run_address>0x3032</run_address>
         <size>0x8e</size>
         <input_file_ref idref="fl-ed"/>
      </object_component>
      <object_component id="oc-69">
         <name>.debug_line</name>
         <load_address>0x30c0</load_address>
         <run_address>0x30c0</run_address>
         <size>0x33</size>
         <input_file_ref idref="fl-f0"/>
      </object_component>
      <object_component id="oc-5a">
         <name>.debug_line</name>
         <load_address>0x30f3</load_address>
         <run_address>0x30f3</run_address>
         <size>0x56</size>
         <input_file_ref idref="fl-f0"/>
      </object_component>
      <object_component id="oc-1dc">
         <name>.debug_line</name>
         <load_address>0x3149</load_address>
         <run_address>0x3149</run_address>
         <size>0x37</size>
         <input_file_ref idref="fl-f1"/>
      </object_component>
      <object_component id="oc-3c">
         <name>.debug_line</name>
         <load_address>0x3180</load_address>
         <run_address>0x3180</run_address>
         <size>0x88</size>
         <input_file_ref idref="fl-f3"/>
      </object_component>
      <object_component id="oc-1f2">
         <name>.debug_line</name>
         <load_address>0x3208</load_address>
         <run_address>0x3208</run_address>
         <size>0xb7</size>
         <input_file_ref idref="fl-f4"/>
      </object_component>
      <object_component id="oc-101">
         <name>.debug_line</name>
         <load_address>0x32bf</load_address>
         <run_address>0x32bf</run_address>
         <size>0x6c</size>
         <input_file_ref idref="fl-f4"/>
      </object_component>
      <object_component id="oc-1f6">
         <name>.debug_line</name>
         <load_address>0x332b</load_address>
         <run_address>0x332b</run_address>
         <size>0x2e</size>
         <input_file_ref idref="fl-f4"/>
      </object_component>
      <object_component id="oc-21b">
         <name>.debug_line</name>
         <load_address>0x3359</load_address>
         <run_address>0x3359</run_address>
         <size>0x92</size>
         <input_file_ref idref="fl-f4"/>
      </object_component>
      <object_component id="oc-1fb">
         <name>.debug_line</name>
         <load_address>0x33eb</load_address>
         <run_address>0x33eb</run_address>
         <size>0x8f</size>
         <input_file_ref idref="fl-f4"/>
      </object_component>
      <object_component id="oc-200">
         <name>.debug_line</name>
         <load_address>0x347a</load_address>
         <run_address>0x347a</run_address>
         <size>0x8b</size>
         <input_file_ref idref="fl-f4"/>
      </object_component>
      <object_component id="oc-96">
         <name>.debug_line</name>
         <load_address>0x3505</load_address>
         <run_address>0x3505</run_address>
         <size>0x40</size>
         <input_file_ref idref="fl-f5"/>
      </object_component>
      <object_component id="oc-f5">
         <name>.debug_line</name>
         <load_address>0x3545</load_address>
         <run_address>0x3545</run_address>
         <size>0x3c</size>
         <input_file_ref idref="fl-f7"/>
      </object_component>
      <object_component id="oc-9d">
         <name>.debug_frame</name>
         <load_address>0x0</load_address>
         <run_address>0x0</run_address>
         <size>0x74</size>
         <input_file_ref idref="fl-2"/>
      </object_component>
      <object_component id="oc-29">
         <name>.debug_frame</name>
         <load_address>0x74</load_address>
         <run_address>0x74</run_address>
         <size>0x90</size>
         <input_file_ref idref="fl-3"/>
      </object_component>
      <object_component id="oc-13f">
         <name>.debug_frame</name>
         <load_address>0x104</load_address>
         <run_address>0x104</run_address>
         <size>0xbc</size>
         <input_file_ref idref="fl-8"/>
      </object_component>
      <object_component id="oc-d1">
         <name>.debug_frame</name>
         <load_address>0x1c0</load_address>
         <run_address>0x1c0</run_address>
         <size>0x564</size>
         <input_file_ref idref="fl-11"/>
      </object_component>
      <object_component id="oc-139">
         <name>.debug_frame</name>
         <load_address>0x724</load_address>
         <run_address>0x724</run_address>
         <size>0x1d4</size>
         <input_file_ref idref="fl-14"/>
      </object_component>
      <object_component id="oc-cb">
         <name>.debug_frame</name>
         <load_address>0x8f8</load_address>
         <run_address>0x8f8</run_address>
         <size>0x5a8</size>
         <input_file_ref idref="fl-1d"/>
      </object_component>
      <object_component id="oc-d7">
         <name>.debug_frame</name>
         <load_address>0xea0</load_address>
         <run_address>0xea0</run_address>
         <size>0x4cc</size>
         <input_file_ref idref="fl-21"/>
      </object_component>
      <object_component id="oc-dd">
         <name>.debug_frame</name>
         <load_address>0x136c</load_address>
         <run_address>0x136c</run_address>
         <size>0x100</size>
         <input_file_ref idref="fl-28"/>
      </object_component>
      <object_component id="oc-49">
         <name>.debug_frame</name>
         <load_address>0x146c</load_address>
         <run_address>0x146c</run_address>
         <size>0x54</size>
         <input_file_ref idref="fl-eb"/>
      </object_component>
      <object_component id="oc-1d">
         <name>.debug_frame</name>
         <load_address>0x14c0</load_address>
         <run_address>0x14c0</run_address>
         <size>0x54</size>
         <input_file_ref idref="fl-ec"/>
      </object_component>
      <object_component id="oc-17">
         <name>.debug_frame</name>
         <load_address>0x1514</load_address>
         <run_address>0x1514</run_address>
         <size>0x60</size>
         <input_file_ref idref="fl-ed"/>
      </object_component>
      <object_component id="oc-5b">
         <name>.debug_frame</name>
         <load_address>0x1574</load_address>
         <run_address>0x1574</run_address>
         <size>0x58</size>
         <input_file_ref idref="fl-f0"/>
      </object_component>
      <object_component id="oc-102">
         <name>.debug_frame</name>
         <load_address>0x15cc</load_address>
         <run_address>0x15cc</run_address>
         <size>0x5c</size>
         <input_file_ref idref="fl-f4"/>
      </object_component>
      <object_component id="oc-97">
         <name>.debug_frame</name>
         <load_address>0x1628</load_address>
         <run_address>0x1628</run_address>
         <size>0x54</size>
         <input_file_ref idref="fl-f5"/>
      </object_component>
      <object_component id="oc-f6">
         <name>.debug_frame</name>
         <load_address>0x167c</load_address>
         <run_address>0x167c</run_address>
         <size>0x54</size>
         <input_file_ref idref="fl-f7"/>
      </object_component>
      <object_component id="oc-12f">
         <name>.debug_abbrev</name>
         <load_address>0x0</load_address>
         <run_address>0x0</run_address>
         <size>0xbc</size>
         <input_file_ref idref="fl-2"/>
      </object_component>
      <object_component id="oc-f0">
         <name>.debug_abbrev</name>
         <load_address>0xbc</load_address>
         <run_address>0xbc</run_address>
         <size>0xa6</size>
         <input_file_ref idref="fl-2"/>
      </object_component>
      <object_component id="oc-6f">
         <name>.debug_abbrev</name>
         <load_address>0x162</load_address>
         <run_address>0x162</run_address>
         <size>0x69</size>
         <input_file_ref idref="fl-2"/>
      </object_component>
      <object_component id="oc-b1">
         <name>.debug_abbrev</name>
         <load_address>0x1cb</load_address>
         <run_address>0x1cb</run_address>
         <size>0x1f</size>
         <input_file_ref idref="fl-2"/>
      </object_component>
      <object_component id="oc-ac">
         <name>.debug_abbrev</name>
         <load_address>0x1ea</load_address>
         <run_address>0x1ea</run_address>
         <size>0x5c</size>
         <input_file_ref idref="fl-2"/>
      </object_component>
      <object_component id="oc-14c">
         <name>.debug_abbrev</name>
         <load_address>0x246</load_address>
         <run_address>0x246</run_address>
         <size>0x24</size>
         <input_file_ref idref="fl-2"/>
      </object_component>
      <object_component id="oc-74">
         <name>.debug_abbrev</name>
         <load_address>0x26a</load_address>
         <run_address>0x26a</run_address>
         <size>0x24</size>
         <input_file_ref idref="fl-2"/>
      </object_component>
      <object_component id="oc-178">
         <name>.debug_abbrev</name>
         <load_address>0x28e</load_address>
         <run_address>0x28e</run_address>
         <size>0x24</size>
         <input_file_ref idref="fl-2"/>
      </object_component>
      <object_component id="oc-6b">
         <name>.debug_abbrev</name>
         <load_address>0x2b2</load_address>
         <run_address>0x2b2</run_address>
         <size>0x68</size>
         <input_file_ref idref="fl-3"/>
      </object_component>
      <object_component id="oc-2a">
         <name>.debug_abbrev</name>
         <load_address>0x31a</load_address>
         <run_address>0x31a</run_address>
         <size>0x29</size>
         <input_file_ref idref="fl-3"/>
      </object_component>
      <object_component id="oc-6a">
         <name>.debug_abbrev</name>
         <load_address>0x343</load_address>
         <run_address>0x343</run_address>
         <size>0xcb</size>
         <input_file_ref idref="fl-3"/>
      </object_component>
      <object_component id="oc-35">
         <name>.debug_abbrev</name>
         <load_address>0x40e</load_address>
         <run_address>0x40e</run_address>
         <size>0x1f</size>
         <input_file_ref idref="fl-3"/>
      </object_component>
      <object_component id="oc-1b7">
         <name>.debug_abbrev</name>
         <load_address>0x42d</load_address>
         <run_address>0x42d</run_address>
         <size>0xca</size>
         <input_file_ref idref="fl-8"/>
      </object_component>
      <object_component id="oc-1ca">
         <name>.debug_abbrev</name>
         <load_address>0x4f7</load_address>
         <run_address>0x4f7</run_address>
         <size>0x76</size>
         <input_file_ref idref="fl-11"/>
      </object_component>
      <object_component id="oc-1c4">
         <name>.debug_abbrev</name>
         <load_address>0x56d</load_address>
         <run_address>0x56d</run_address>
         <size>0x27</size>
         <input_file_ref idref="fl-11"/>
      </object_component>
      <object_component id="oc-1c6">
         <name>.debug_abbrev</name>
         <load_address>0x594</load_address>
         <run_address>0x594</run_address>
         <size>0x27</size>
         <input_file_ref idref="fl-11"/>
      </object_component>
      <object_component id="oc-1c8">
         <name>.debug_abbrev</name>
         <load_address>0x5bb</load_address>
         <run_address>0x5bb</run_address>
         <size>0x27</size>
         <input_file_ref idref="fl-11"/>
      </object_component>
      <object_component id="oc-159">
         <name>.debug_abbrev</name>
         <load_address>0x5e2</load_address>
         <run_address>0x5e2</run_address>
         <size>0xd6</size>
         <input_file_ref idref="fl-11"/>
      </object_component>
      <object_component id="oc-212">
         <name>.debug_abbrev</name>
         <load_address>0x6b8</load_address>
         <run_address>0x6b8</run_address>
         <size>0x92</size>
         <input_file_ref idref="fl-14"/>
      </object_component>
      <object_component id="oc-206">
         <name>.debug_abbrev</name>
         <load_address>0x74a</load_address>
         <run_address>0x74a</run_address>
         <size>0x27</size>
         <input_file_ref idref="fl-14"/>
      </object_component>
      <object_component id="oc-208">
         <name>.debug_abbrev</name>
         <load_address>0x771</load_address>
         <run_address>0x771</run_address>
         <size>0x27</size>
         <input_file_ref idref="fl-14"/>
      </object_component>
      <object_component id="oc-20a">
         <name>.debug_abbrev</name>
         <load_address>0x798</load_address>
         <run_address>0x798</run_address>
         <size>0x27</size>
         <input_file_ref idref="fl-14"/>
      </object_component>
      <object_component id="oc-20c">
         <name>.debug_abbrev</name>
         <load_address>0x7bf</load_address>
         <run_address>0x7bf</run_address>
         <size>0x27</size>
         <input_file_ref idref="fl-14"/>
      </object_component>
      <object_component id="oc-20e">
         <name>.debug_abbrev</name>
         <load_address>0x7e6</load_address>
         <run_address>0x7e6</run_address>
         <size>0x27</size>
         <input_file_ref idref="fl-14"/>
      </object_component>
      <object_component id="oc-210">
         <name>.debug_abbrev</name>
         <load_address>0x80d</load_address>
         <run_address>0x80d</run_address>
         <size>0x27</size>
         <input_file_ref idref="fl-14"/>
      </object_component>
      <object_component id="oc-204">
         <name>.debug_abbrev</name>
         <load_address>0x834</load_address>
         <run_address>0x834</run_address>
         <size>0x29</size>
         <input_file_ref idref="fl-14"/>
      </object_component>
      <object_component id="oc-1b5">
         <name>.debug_abbrev</name>
         <load_address>0x85d</load_address>
         <run_address>0x85d</run_address>
         <size>0x101</size>
         <input_file_ref idref="fl-14"/>
      </object_component>
      <object_component id="oc-1be">
         <name>.debug_abbrev</name>
         <load_address>0x95e</load_address>
         <run_address>0x95e</run_address>
         <size>0xb4</size>
         <input_file_ref idref="fl-1d"/>
      </object_component>
      <object_component id="oc-1b8">
         <name>.debug_abbrev</name>
         <load_address>0xa12</load_address>
         <run_address>0xa12</run_address>
         <size>0x27</size>
         <input_file_ref idref="fl-1d"/>
      </object_component>
      <object_component id="oc-1bc">
         <name>.debug_abbrev</name>
         <load_address>0xa39</load_address>
         <run_address>0xa39</run_address>
         <size>0x27</size>
         <input_file_ref idref="fl-1d"/>
      </object_component>
      <object_component id="oc-19e">
         <name>.debug_abbrev</name>
         <load_address>0xa60</load_address>
         <run_address>0xa60</run_address>
         <size>0x27</size>
         <input_file_ref idref="fl-1d"/>
      </object_component>
      <object_component id="oc-1ba">
         <name>.debug_abbrev</name>
         <load_address>0xa87</load_address>
         <run_address>0xa87</run_address>
         <size>0x27</size>
         <input_file_ref idref="fl-1d"/>
      </object_component>
      <object_component id="oc-149">
         <name>.debug_abbrev</name>
         <load_address>0xaae</load_address>
         <run_address>0xaae</run_address>
         <size>0x12e</size>
         <input_file_ref idref="fl-1d"/>
      </object_component>
      <object_component id="oc-1c1">
         <name>.debug_abbrev</name>
         <load_address>0xbdc</load_address>
         <run_address>0xbdc</run_address>
         <size>0x38</size>
         <input_file_ref idref="fl-1d"/>
      </object_component>
      <object_component id="oc-1d0">
         <name>.debug_abbrev</name>
         <load_address>0xc14</load_address>
         <run_address>0xc14</run_address>
         <size>0x76</size>
         <input_file_ref idref="fl-21"/>
      </object_component>
      <object_component id="oc-1cc">
         <name>.debug_abbrev</name>
         <load_address>0xc8a</load_address>
         <run_address>0xc8a</run_address>
         <size>0x27</size>
         <input_file_ref idref="fl-21"/>
      </object_component>
      <object_component id="oc-1ce">
         <name>.debug_abbrev</name>
         <load_address>0xcb1</load_address>
         <run_address>0xcb1</run_address>
         <size>0x27</size>
         <input_file_ref idref="fl-21"/>
      </object_component>
      <object_component id="oc-161">
         <name>.debug_abbrev</name>
         <load_address>0xcd8</load_address>
         <run_address>0xcd8</run_address>
         <size>0x132</size>
         <input_file_ref idref="fl-21"/>
      </object_component>
      <object_component id="oc-bf">
         <name>.debug_abbrev</name>
         <load_address>0xe0a</load_address>
         <run_address>0xe0a</run_address>
         <size>0x24</size>
         <input_file_ref idref="fl-26"/>
      </object_component>
      <object_component id="oc-1e1">
         <name>.debug_abbrev</name>
         <load_address>0xe2e</load_address>
         <run_address>0xe2e</run_address>
         <size>0xc2</size>
         <input_file_ref idref="fl-28"/>
      </object_component>
      <object_component id="oc-1d4">
         <name>.debug_abbrev</name>
         <load_address>0xef0</load_address>
         <run_address>0xef0</run_address>
         <size>0x27</size>
         <input_file_ref idref="fl-28"/>
      </object_component>
      <object_component id="oc-1df">
         <name>.debug_abbrev</name>
         <load_address>0xf17</load_address>
         <run_address>0xf17</run_address>
         <size>0x27</size>
         <input_file_ref idref="fl-28"/>
      </object_component>
      <object_component id="oc-1d6">
         <name>.debug_abbrev</name>
         <load_address>0xf3e</load_address>
         <run_address>0xf3e</run_address>
         <size>0x27</size>
         <input_file_ref idref="fl-28"/>
      </object_component>
      <object_component id="oc-1d2">
         <name>.debug_abbrev</name>
         <load_address>0xf65</load_address>
         <run_address>0xf65</run_address>
         <size>0x27</size>
         <input_file_ref idref="fl-28"/>
      </object_component>
      <object_component id="oc-174">
         <name>.debug_abbrev</name>
         <load_address>0xf8c</load_address>
         <run_address>0xf8c</run_address>
         <size>0xba</size>
         <input_file_ref idref="fl-28"/>
      </object_component>
      <object_component id="oc-1dd">
         <name>.debug_abbrev</name>
         <load_address>0x1046</load_address>
         <run_address>0x1046</run_address>
         <size>0x4a</size>
         <input_file_ref idref="fl-e7"/>
      </object_component>
      <object_component id="oc-17c">
         <name>.debug_abbrev</name>
         <load_address>0x1090</load_address>
         <run_address>0x1090</run_address>
         <size>0x3c</size>
         <input_file_ref idref="fl-e8"/>
      </object_component>
      <object_component id="oc-17d">
         <name>.debug_abbrev</name>
         <load_address>0x10cc</load_address>
         <run_address>0x10cc</run_address>
         <size>0x3c</size>
         <input_file_ref idref="fl-e9"/>
      </object_component>
      <object_component id="oc-17b">
         <name>.debug_abbrev</name>
         <load_address>0x1108</load_address>
         <run_address>0x1108</run_address>
         <size>0x3e</size>
         <input_file_ref idref="fl-ea"/>
      </object_component>
      <object_component id="oc-c2">
         <name>.debug_abbrev</name>
         <load_address>0x1146</load_address>
         <run_address>0x1146</run_address>
         <size>0x73</size>
         <input_file_ref idref="fl-eb"/>
      </object_component>
      <object_component id="oc-85">
         <name>.debug_abbrev</name>
         <load_address>0x11b9</load_address>
         <run_address>0x11b9</run_address>
         <size>0x6f</size>
         <input_file_ref idref="fl-eb"/>
      </object_component>
      <object_component id="oc-88">
         <name>.debug_abbrev</name>
         <load_address>0x1228</load_address>
         <run_address>0x1228</run_address>
[...]
      </symbol>
      <symbol id="sm-36e">
         <name>SysCtlResetBehaviorGet</name>
         <value>0x81d</value>
         <object_component_ref idref="oc-c6"/>
      </symbol>
      <symbol id="sm-36f">
         <name>SysCtlPeripheralPresent</name>
         <value>0x325</value>
         <object_component_ref idref="oc-c6"/>
      </symbol>
      <symbol id="sm-370">
         <name>SysCtlDeepSleepClockSet</name>
         <value>0xedb</value>
         <object_component_ref idref="oc-c6"/>
      </symbol>
      <symbol id="sm-371">
         <name>SysCtlClockSet</name>
         <value>0xb65</value>
         <object_component_ref idref="oc-c6"/>
      </symbol>
      <symbol id="sm-372">
         <name>SysCtlAltClkConfig</name>
         <value>0x1145</value>
         <object_component_ref idref="oc-c6"/>
      </symbol>
      <symbol id="sm-373">
         <name>SysCtlPeripheralClockGating</name>
         <value>0x63d</value>
         <object_component_ref idref="oc-c6"/>
      </symbol>
      <symbol id="sm-374">
         <name>SysCtlIntStatus</name>
         <value>0x6f5</value>
         <object_component_ref idref="oc-c6"/>
      </symbol>
      <symbol id="sm-375">
         <name>SysCtlIntClear</name>
         <value>0x6e5</value>
         <object_component_ref idref="oc-c6"/>
      </symbol>
      <symbol id="sm-376">
         <name>SysCtlVoltageEventStatus</name>
         <value>0x1019</value>
         <object_component_ref idref="oc-c6"/>
      </symbol>
      <symbol id="sm-377">
         <name>SysCtlVoltageEventConfig</name>
         <value>0x1009</value>
         <object_component_ref idref="oc-c6"/>
      </symbol>
      <symbol id="sm-378">
         <name>SysCtlResetCauseGet</name>
         <value>0x78d</value>
         <object_component_ref idref="oc-c6"/>
      </symbol>
      <symbol id="sm-379">
         <name>SysCtlSleep</name>
         <value>0x769</value>
         <object_component_ref idref="oc-c6"/>
      </symbol>
      <symbol id="sm-37a">
         <name>SysCtlPWMClockGet</name>
         <value>0xf9d</value>
         <object_component_ref idref="oc-c6"/>
      </symbol>
      <symbol id="sm-37b">
         <name>SysCtlDeepSleepPowerSet</name>
         <value>0x751</value>
         <object_component_ref idref="oc-c6"/>
      </symbol>
      <symbol id="sm-37c">
         <name>SysCtlClockOutConfig</name>
         <value>0x1129</value>
         <object_component_ref idref="oc-c6"/>
      </symbol>
      <symbol id="sm-37d">
         <name>SysCtlNMIStatus</name>
         <value>0x10f9</value>
         <object_component_ref idref="oc-c6"/>
      </symbol>
      <symbol id="sm-37e">
         <name>SysCtlDeepSleepClockConfigSet</name>
         <value>0xef9</value>
         <object_component_ref idref="oc-c6"/>
      </symbol>
      <symbol id="sm-37f">
         <name>SysCtlDelay</name>
         <value>0x32c7</value>
         <object_component_ref idref="oc-ed"/>
      </symbol>
      <symbol id="sm-380">
         <name>SysCtlVoltageEventClear</name>
         <value>0x1025</value>
         <object_component_ref idref="oc-c6"/>
      </symbol>
      <symbol id="sm-381">
         <name>SysCtlLDOSleepSet</name>
         <value>0x711</value>
         <object_component_ref idref="oc-c6"/>
      </symbol>
      <symbol id="sm-382">
         <name>SysCtlMOSCConfigSet</name>
         <value>0x7a7</value>
         <object_component_ref idref="oc-c6"/>
      </symbol>
      <symbol id="sm-383">
         <name>SysCtlPeripheralEnable</name>
         <value>0x4a5</value>
         <object_component_ref idref="oc-c6"/>
      </symbol>
      <symbol id="sm-384">
         <name>SysCtlIntEnable</name>
         <value>0x6b9</value>
         <object_component_ref idref="oc-c6"/>
      </symbol>
      <symbol id="sm-385">
         <name>SysCtlNMIClear</name>
         <value>0x110d</value>
         <object_component_ref idref="oc-c6"/>
      </symbol>
      <symbol id="sm-386">
         <name>SysCtlPeripheralPowerOff</name>
         <value>0x3e1</value>
         <object_component_ref idref="oc-c6"/>
      </symbol>
      <symbol id="sm-387">
         <name>SysCtlSleepPowerSet</name>
         <value>0x73d</value>
         <object_component_ref idref="oc-c6"/>
      </symbol>
      <symbol id="sm-388">
         <name>SysCtlDeepSleep</name>
         <value>0x771</value>
         <object_component_ref idref="oc-c6"/>
      </symbol>
      <symbol id="sm-389">
         <name>SysCtlLDODeepSleepSet</name>
         <value>0x727</value>
         <object_component_ref idref="oc-c6"/>
      </symbol>
      <symbol id="sm-38a">
         <name>SysCtlPeripheralPowerOn</name>
         <value>0x3a5</value>
         <object_component_ref idref="oc-c6"/>
      </symbol>
      <symbol id="sm-38b">
         <name>SysCtlPeripheralDeepSleepDisable</name>
         <value>0x5f5</value>
         <object_component_ref idref="oc-c6"/>
      </symbol>
      <symbol id="sm-38c">
         <name>SysCtlPeripheralSleepDisable</name>
         <value>0x569</value>
         <object_component_ref idref="oc-c6"/>
      </symbol>
      <symbol id="sm-38d">
         <name>SysCtlVCOGet</name>
         <value>0x103d</value>
         <object_component_ref idref="oc-c6"/>
      </symbol>
      <symbol id="sm-38e">
         <name>SysCtlResetBehaviorSet</name>
         <value>0x80d</value>
         <object_component_ref idref="oc-c6"/>
      </symbol>
      <symbol id="sm-38f">
         <name>SysCtlReset</name>
         <value>0x761</value>
         <object_component_ref idref="oc-c6"/>
      </symbol>
      <symbol id="sm-390">
         <name>SysCtlGPIOAHBDisable</name>
         <value>0xfcf</value>
         <object_component_ref idref="oc-c6"/>
      </symbol>
      <symbol id="sm-391">
         <name>SysCtlSRAMSizeGet</name>
         <value>0x2c9</value>
         <object_component_ref idref="oc-c6"/>
      </symbol>
      <symbol id="sm-392">
         <name>SysCtlClockGet</name>
         <value>0xd35</value>
         <object_component_ref idref="oc-c6"/>
      </symbol>
      <symbol id="sm-393">
         <name>SysCtlPeripheralDisable</name>
         <value>0x4e1</value>
         <object_component_ref idref="oc-c6"/>
      </symbol>
      <symbol id="sm-394">
         <name>SysCtlPWMClockSet</name>
         <value>0xf83</value>
         <object_component_ref idref="oc-c6"/>
      </symbol>
      <symbol id="sm-395">
         <name>SysCtlUSBPLLEnable</name>
         <value>0xfeb</value>
         <object_component_ref idref="oc-c6"/>
      </symbol>
      <symbol id="sm-396">
         <name>SysCtlPeripheralSleepEnable</name>
         <value>0x525</value>
         <object_component_ref idref="oc-c6"/>
      </symbol>
      <symbol id="sm-397">
         <name>SysCtlIntUnregister</name>
         <value>0x6a9</value>
         <object_component_ref idref="oc-c6"/>
      </symbol>
      <symbol id="sm-398">
         <name>SysCtlUSBPLLDisable</name>
         <value>0xff7</value>
         <object_component_ref idref="oc-c6"/>
      </symbol>
      <symbol id="sm-399">
         <name>SysCtlPeripheralReady</name>
         <value>0x365</value>
         <object_component_ref idref="oc-c6"/>
      </symbol>
      <symbol id="sm-39a">
         <name>SysCtlPIOSCCalibrate</name>
         <value>0x7bd</value>
         <object_component_ref idref="oc-c6"/>
      </symbol>
      <symbol id="sm-39b">
         <name>SysCtlResetCauseClear</name>
         <value>0x793</value>
         <object_component_ref idref="oc-c6"/>
      </symbol>
      <symbol id="sm-39c">
         <name>SysCtlLDOSleepGet</name>
         <value>0x721</value>
         <object_component_ref idref="oc-c6"/>
      </symbol>
      <symbol id="sm-39d">
         <name>SysCtlClockFreqSet</name>
         <value>0x86d</value>
         <object_component_ref idref="oc-c6"/>
      </symbol>
      <symbol id="sm-39e">
         <name>SysCtlPeripheralReset</name>
         <value>0x41d</value>
         <object_component_ref idref="oc-c6"/>
      </symbol>
      <symbol id="sm-414">
         <name>UARTClockSourceGet</name>
         <value>0x228b</value>
         <object_component_ref idref="oc-d2"/>
      </symbol>
      <symbol id="sm-415">
         <name>UARTCharPutNonBlocking</name>
         <value>0x20fd</value>
         <object_component_ref idref="oc-d2"/>
      </symbol>
      <symbol id="sm-416">
         <name>UARTDMAEnable</name>
         <value>0x2225</value>
         <object_component_ref idref="oc-d2"/>
      </symbol>
      <symbol id="sm-417">
         <name>UARTTxIntModeSet</name>
         <value>0x2061</value>
         <object_component_ref idref="oc-d2"/>
      </symbol>
      <symbol id="sm-418">
         <name>UARTFIFODisable</name>
         <value>0x1f0f</value>
         <object_component_ref idref="oc-d2"/>
      </symbol>
      <symbol id="sm-419">
         <name>UARTIntUnregister</name>
         <value>0x21a5</value>
         <object_component_ref idref="oc-d2"/>
      </symbol>
      <symbol id="sm-41a">
         <name>UARTRxErrorClear</name>
         <value>0x2267</value>
         <object_component_ref idref="oc-d2"/>
      </symbol>
      <symbol id="sm-41b">
         <name>UARTModemControlSet</name>
         <value>0x1fb1</value>
         <object_component_ref idref="oc-d2"/>
      </symbol>
      <symbol id="sm-41c">
         <name>UARTFlowControlSet</name>
         <value>0x2033</value>
         <object_component_ref idref="oc-d2"/>
      </symbol>
      <symbol id="sm-41d">
         <name>UARTConfigSetExpClk</name>
         <value>0x1de9</value>
         <object_component_ref idref="oc-d2"/>
      </symbol>
      <symbol id="sm-41e">
         <name>UARTSmartCardDisable</name>
         <value>0x1f9b</value>
         <object_component_ref idref="oc-d2"/>
      </symbol>
      <symbol id="sm-41f">
         <name>UARTDisable</name>
         <value>0x1ecf</value>
         <object_component_ref idref="oc-d2"/>
      </symbol>
      <symbol id="sm-420">
         <name>UART9BitDisable</name>
         <value>0x22b1</value>
         <object_component_ref idref="oc-d2"/>
      </symbol>
      <symbol id="sm-421">
         <name>UARTFIFOLevelGet</name>
         <value>0x1dc1</value>
         <object_component_ref idref="oc-d2"/>
      </symbol>
      <symbol id="sm-422">
         <name>UARTBusy</name>
         <value>0x2169</value>
         <object_component_ref idref="oc-d2"/>
      </symbol>
      <symbol id="sm-423">
         <name>UARTDisableSIR</name>
         <value>0x1f53</value>
         <object_component_ref idref="oc-d2"/>
      </symbol>
      <symbol id="sm-424">
         <name>UARTLoopbackEnable</name>
         <value>0x2335</value>
         <object_component_ref idref="oc-d2"/>
      </symbol>
      <symbol id="sm-425">
         <name>UARTIntEnable</name>
         <value>0x21c5</value>
         <object_component_ref idref="oc-d2"/>
      </symbol>
      <symbol id="sm-426">
         <name>UARTCharsAvail</name>
         <value>0x208f</value>
         <object_component_ref idref="oc-d2"/>
      </symbol>
      <symbol id="sm-427">
         <name>UARTCharGetNonBlocking</name>
         <value>0x20cb</value>
         <object_component_ref idref="oc-d2"/>
      </symbol>
      <symbol id="sm-428">
         <name>UARTClockSourceSet</name>
         <value>0x2277</value>
         <object_component_ref idref="oc-d2"/>
      </symbol>
      <symbol id="sm-429">
         <name>UARTTxIntModeGet</name>
         <value>0x207d</value>
         <object_component_ref idref="oc-d2"/>
      </symbol>
      <symbol id="sm-42a">
         <name>UARTModemStatusGet</name>
         <value>0x201f</value>
         <object_component_ref idref="oc-d2"/>
      </symbol>
      <symbol id="sm-42b">
         <name>UARTIntDisable</name>
         <value>0x21dd</value>
         <object_component_ref idref="oc-d2"/>
      </symbol>
      <symbol id="sm-42c">
         <name>UARTCharPut</name>
         <value>0x2121</value>
         <object_component_ref idref="oc-d2"/>
      </symbol>
      <symbol id="sm-42d">
         <name>UARTParityModeSet</name>
         <value>0x1d7b</value>
         <object_component_ref idref="oc-d2"/>
      </symbol>
      <symbol id="sm-42e">
         <name>UARTRxErrorGet</name>
         <value>0x2255</value>
         <object_component_ref idref="oc-d2"/>
      </symbol>
      <symbol id="sm-42f">
         <name>UARTConfigGetExpClk</name>
         <value>0x1e5f</value>
         <object_component_ref idref="oc-d2"/>
      </symbol>
      <symbol id="sm-430">
         <name>UARTEnableSIR</name>
         <value>0x1f25</value>
         <object_component_ref idref="oc-d2"/>
      </symbol>
      <symbol id="sm-431">
         <name>UARTEnable</name>
         <value>0x1eab</value>
         <object_component_ref idref="oc-d2"/>
      </symbol>
      <symbol id="sm-432">
         <name>UART9BitAddrSend</name>
         <value>0x22ed</value>
         <object_component_ref idref="oc-d2"/>
      </symbol>
      <symbol id="sm-433">
         <name>UARTModemControlGet</name>
         <value>0x200d</value>
         <object_component_ref idref="oc-d2"/>
      </symbol>
      <symbol id="sm-434">
         <name>UARTSmartCardEnable</name>
         <value>0x1f69</value>
         <object_component_ref idref="oc-d2"/>
      </symbol>
      <symbol id="sm-435">
         <name>UARTFlowControlGet</name>
         <value>0x204f</value>
         <object_component_ref idref="oc-d2"/>
      </symbol>
      <symbol id="sm-436">
         <name>UARTFIFOEnable</name>
         <value>0x1ef9</value>
         <object_component_ref idref="oc-d2"/>
      </symbol>
      <symbol id="sm-437">
         <name>UARTIntClear</name>
         <value>0x2213</value>
         <object_component_ref idref="oc-d2"/>
      </symbol>
      <symbol id="sm-438">
         <name>UARTIntStatus</name>
         <value>0x21f5</value>
         <object_component_ref idref="oc-d2"/>
      </symbol>
      <symbol id="sm-439">
         <name>UARTDMADisable</name>
         <value>0x223d</value>
         <object_component_ref idref="oc-d2"/>
      </symbol>
      <symbol id="sm-43a">
         <name>UART9BitEnable</name>
         <value>0x229b</value>
         <object_component_ref idref="oc-d2"/>
      </symbol>
      <symbol id="sm-43b">
         <name>UARTSpaceAvail</name>
         <value>0x20ad</value>
         <object_component_ref idref="oc-d2"/>
      </symbol>
      <symbol id="sm-43c">
         <name>UARTCharGet</name>
         <value>0x20e7</value>
         <object_component_ref idref="oc-d2"/>
      </symbol>
      <symbol id="sm-43d">
         <name>UARTFIFOLevelSet</name>
         <value>0x1da9</value>
         <object_component_ref idref="oc-d2"/>
      </symbol>
      <symbol id="sm-43e">
         <name>UARTModemControlClear</name>
         <value>0x1fe9</value>
         <object_component_ref idref="oc-d2"/>
      </symbol>
      <symbol id="sm-43f">
         <name>UARTParityModeGet</name>
         <value>0x1d97</value>
         <object_component_ref idref="oc-d2"/>
      </symbol>
      <symbol id="sm-440">
         <name>UARTIntRegister</name>
         <value>0x2187</value>
         <object_component_ref idref="oc-d2"/>
      </symbol>
      <symbol id="sm-441">
         <name>UARTBreakCtl</name>
         <value>0x213f</value>
         <object_component_ref idref="oc-d2"/>
      </symbol>
      <symbol id="sm-442">
         <name>UART9BitAddrSet</name>
         <value>0x22c7</value>
         <object_component_ref idref="oc-d2"/>
      </symbol>
      <symbol id="sm-4bc">
         <name>UARTgetc</name>
         <value>0x2493</value>
         <object_component_ref idref="oc-d8"/>
      </symbol>
      <symbol id="sm-4bd">
         <name>UARTgets</name>
         <value>0x23d9</value>
         <object_component_ref idref="oc-d8"/>
      </symbol>
      <symbol id="sm-4be">
         <name>UARTStdioConfig</name>
         <value>0x234d</value>
         <object_component_ref idref="oc-d8"/>
      </symbol>
      <symbol id="sm-4bf">
         <name>UARTwrite</name>
         <value>0x2393</value>
         <object_component_ref idref="oc-d8"/>
      </symbol>
      <symbol id="sm-4c0">
         <name>UARTprintf</name>
         <value>0x27b3</value>
         <object_component_ref idref="oc-d8"/>
      </symbol>
      <symbol id="sm-4c1">
         <name>UARTvprintf</name>
         <value>0x24b9</value>
         <object_component_ref idref="oc-d8"/>
      </symbol>
      <symbol id="sm-4d1">
         <name>__aeabi_uidivmod</name>
         <value>0x31b5</value>
         <object_component_ref idref="oc-16c"/>
      </symbol>
      <symbol id="sm-4d2">
         <name>__aeabi_uidiv</name>
         <value>0x31b5</value>
         <object_component_ref idref="oc-16c"/>
      </symbol>
      <symbol id="sm-4e6">
         <name>__aeabi_ddiv</name>
         <value>0x2eed</value>
         <object_component_ref idref="oc-e3"/>
      </symbol>
      <symbol id="sm-4f0">
         <name>__aeabi_d2iz</name>
         <value>0x3127</value>
         <object_component_ref idref="oc-e8"/>
      </symbol>
      <symbol id="sm-4fa">
         <name>__aeabi_i2d</name>
         <value>0x326d</value>
         <object_component_ref idref="oc-de"/>
      </symbol>
      <symbol id="sm-50e">
         <name>__TI_zero_init_nomemset</name>
         <value>0x329b</value>
         <object_component_ref idref="oc-44"/>
      </symbol>
      <symbol id="sm-525">
         <name>__TI_decompress_none</name>
         <value>0x32ad</value>
         <object_component_ref idref="oc-18"/>
      </symbol>
      <symbol id="sm-548">
         <name>__TI_decompress_lzss</name>
         <value>0x30bf</value>
         <object_component_ref idref="oc-12"/>
      </symbol>
      <symbol id="sm-55d">
         <name>__stack</name>
         <value>0x20000270</value>
         <object_component_ref idref="oc-21"/>
      </symbol>
      <symbol id="sm-55e">
         <name>_c_int00_noargs</name>
         <value>0x3235</value>
         <object_component_ref idref="oc-56"/>
      </symbol>
      <symbol id="sm-568">
         <name>__aeabi_idiv0</name>
         <value>0x234b</value>
         <object_component_ref idref="oc-1d8"/>
      </symbol>
      <symbol id="sm-569">
         <name>__aeabi_ldiv0</name>
         <value>0x234b</value>
         <object_component_ref idref="oc-1d8"/>
      </symbol>
      <symbol id="sm-585">
         <name>memcpy</name>
         <value>0x3023</value>
         <object_component_ref idref="oc-38"/>
      </symbol>
      <symbol id="sm-586">
         <name>__aeabi_memcpy</name>
         <value>0x3023</value>
         <object_component_ref idref="oc-38"/>
      </symbol>
      <symbol id="sm-587">
         <name>__aeabi_memcpy8</name>
         <value>0x3023</value>
         <object_component_ref idref="oc-38"/>
      </symbol>
      <symbol id="sm-588">
         <name>__aeabi_memcpy4</name>
         <value>0x3023</value>
         <object_component_ref idref="oc-38"/>
      </symbol>
      <symbol id="sm-5b0">
         <name>__TI_auto_init_nobinit_nopinit</name>
         <value>0x3171</value>
         <object_component_ref idref="oc-fd"/>
      </symbol>
      <symbol id="sm-5ba">
         <name>_system_pre_init</name>
         <value>0x32cd</value>
         <object_component_ref idref="oc-92"/>
      </symbol>
      <symbol id="sm-5c6">
         <name>C$$EXIT</name>
         <value>0x32d1</value>
         <object_component_ref idref="oc-f1"/>
      </symbol>
      <symbol id="sm-5c7">
         <name>abort</name>
         <value>0x32d1</value>
         <object_component_ref idref="oc-f1"/>
      </symbol>
      <symbol id="sm-5ca">
         <name>__TI_static_base__</name>
         <value>0x0</value>
      </symbol>
      <symbol id="sm-5cd">
         <name>__mpu_init</name>
         <value>0x0</value>
      </symbol>
      <symbol id="sm-5ce">
         <name>_system_post_cinit</name>
         <value>0x0</value>
      </symbol>
   </symbol_table>
   <title>Link successful</title>
</link_info>
