******************************************************************************
                  TI ARM Linker Unix v18.1.3                   
******************************************************************************
>> Linked Fri Oct 19 09:57:37 2018

OUTPUT FILE NAME:   <Motor_passo_angulo.out>
ENTRY POINT SYMBOL: "_c_int00_noargs"  address: 00003235


MEMORY CONFIGURATION

         name            origin    length      used     unused   attr    fill
----------------------  --------  ---------  --------  --------  ----  --------
  FLASH                 00000000   00100000  0000394c  000fc6b4  R  X
  SRAM                  20000000   00040000  00000479  0003fb87  RW X


SEGMENT ALLOCATION MAP

run origin  load origin   length   init length attrs members
----------  ----------- ---------- ----------- ----- -------
00000000    00000000    00003950   00003950    r-x
  00000000    00000000    00000208   00000208    r-- .intvecs
  00000208    00000208    000030cc   000030cc    r-x .text
  000032d4    000032d4    00000638   00000638    r-- .const
  00003910    00003910    00000040   00000040    r-- .cinit
20000000    20000000    0000047d   00000000    rw-
  20000000    20000000    0000026c   00000000    rw- .vtable
  20000270    20000270    00000200   00000000    rw- .stack
  20000470    20000470    00000008   00000000    rw- .bss
  20000478    20000478    00000005   00000000    rw- .data


SECTION ALLOCATION MAP

 output                                  attributes/
section   page    origin      length       input sections
--------  ----  ----------  ----------   ----------------
.intvecs   0    00000000    00000208     
                  00000000    00000208     tm4c1294ncpdt_startup_ccs.obj (.intvecs)

.text      0    00000208    000030cc     
                  00000208    00000f80     sysctl.obj (.text)
                  00001188    00000b94     gpio.obj (.text)
                  00001d1c    0000062e     uart.obj (.text)
                  0000234a    00000002     rtsv7M4_T_le_v4SPD16_eabi.lib : div0.asm.obj (.text)
                  0000234c    0000049c     uartstdio.obj (.text)
                  000027e8    000003c0     interrupt.obj (.text)
                  00002ba8    00000344     main.obj (.text)
                  00002eec    00000136     rtsv7M4_T_le_v4SPD16_eabi.lib : fd_div_t2.asm.obj (.text)
                  00003022    0000009c                                   : memcpy_t2.asm.obj (.text)
                  000030be    00000068                                   : copy_decompress_lzss.c.obj (.text:decompress:lzss:__TI_decompress_lzss)
                  00003126    00000048                                   : fd_toi_t2.asm.obj (.text)
                  0000316e    00000002     --HOLE-- [fill = 0]
                  00003170    00000044                                   : autoinit.c.obj (.text:__TI_auto_init_nobinit_nopinit:__TI_auto_init_nobinit_nopinit)
                  000031b4    00000040                                   : u_divt2.asm.obj (.text)
                  000031f4    0000003e     cpu.obj (.text)
                  00003232    00000002     --HOLE-- [fill = 0]
                  00003234    00000038     rtsv7M4_T_le_v4SPD16_eabi.lib : boot_cortex_m.c.obj (.text:_c_int00_noargs:_c_int00_noargs)
                  0000326c    0000002e                                   : i_tofd_t2.asm.obj (.text)
                  0000329a    00000012                                   : copy_zero_init.c.obj (.text:decompress:ZI:__TI_zero_init_nomemset:__TI_zero_init_nomemset)
                  000032ac    0000000e                                   : copy_decompress_none.c.obj (.text:decompress:none:__TI_decompress_none)
                  000032ba    0000000c     tm4c1294ncpdt_startup_ccs.obj (.text)
                  000032c6    00000006     sysctl.obj (.text:SysCtlDelay)
                  000032cc    00000004     rtsv7M4_T_le_v4SPD16_eabi.lib : pre_init.c.obj (.text:_system_pre_init)
                  000032d0    00000004                                   : exit.c.obj (.text:abort:abort)

.const     0    000032d4    00000638     
                  000032d4    000001b0     sysctl.obj (.const:g_pppui32XTALtoVCO)
                  00003484    000000d8     gpio.obj (.const:g_ppui32GPIOIntMapSnowflake)
                  0000355c    000000c0     gpio.obj (.const:g_ppui32GPIOIntMapBlizzard)
                  0000361c    0000009c     interrupt.obj (.const:g_pui32Regs)
                  000036b8    00000090     gpio.obj (.const:g_pui32GPIOBaseAddrs)
                  00003748    0000006c     sysctl.obj (.const:g_pui32Xtals)
                  000037b4    00000040     uart.obj (.const:g_ppui32UARTIntMap)
                  000037f4    00000040     uart.obj (.const:g_ppui32UARTIntMapSnowflake)
                  00003834    00000030     sysctl.obj (.const:g_sXTALtoMEMTIM)
                  00003864    00000020     interrupt.obj (.const:g_pui32Priority)
                  00003884    00000014     interrupt.obj (.const:g_pui32Dii16Regs)
                  00003898    00000014     interrupt.obj (.const:g_pui32EnRegs)
                  000038ac    00000014     interrupt.obj (.const:g_pui32PendRegs)
                  000038c0    00000014     interrupt.obj (.const:g_pui32UnpendRegs)
                  000038d4    00000012     uartstdio.obj (.const:.string)
                  000038e6    00000002     --HOLE-- [fill = 0]
                  000038e8    0000000c     uartstdio.obj (.const:g_ui32UARTBase)
                  000038f4    0000000c     uartstdio.obj (.const:g_ui32UARTPeriph)
                  00003900    00000008     sysctl.obj (.const:g_pui32VCOFrequencies)
                  00003908    00000004     uartstdio.obj (.const)

.cinit     0    00003910    00000040     
                  00003910    0000000c     (__TI_handler_table)
                  0000391c    00000004     --HOLE-- [fill = 0]
                  00003920    00000008     (.cinit..bss.load) [load image, compression = zero_init]
                  00003928    00000008     (.cinit..vtable.load) [load image, compression = zero_init]
                  00003930    00000007     (.cinit..data.load) [load image, compression = lzss]
                  00003937    00000001     --HOLE-- [fill = 0]
                  00003938    00000018     (__TI_cinit_table)

.init_array 
*          0    00000000    00000000     UNINITIALIZED

.vtable    0    20000000    0000026c     UNINITIALIZED
                  20000000    0000026c     interrupt.obj (.vtable)

.bss       0    20000470    00000008     UNINITIALIZED
                  20000470    00000004     (.common:angulo)
                  20000474    00000004     (.common:angulo1)

.data      0    20000478    00000005     UNINITIALIZED
                  20000478    00000005     uartstdio.obj (.data)

.stack     0    20000270    00000200     UNINITIALIZED
                  20000270    00000004     rtsv7M4_T_le_v4SPD16_eabi.lib : boot_cortex_m.c.obj (.stack)
                  20000274    000001fc     --HOLE--

MODULE SUMMARY

       Module                          code    ro data   rw data
       ------                          ----    -------   -------
    ./
       main.obj                        836     0         8      
       tm4c1294ncpdt_startup_ccs.obj   12      520       0      
    +--+-------------------------------+-------+---------+---------+
       Total:                          848     520       8      
                                                                
    ./driverlib/
       sysctl.obj                      3974    596       0      
       gpio.obj                        2964    552       0      
       interrupt.obj                   960     268       620    
       uart.obj                        1582    128       0      
       cpu.obj                         62      0         0      
    +--+-------------------------------+-------+---------+---------+
       Total:                          9542    1544      620    
                                                                
    ./utils/
       uartstdio.obj                   1180    46        5      
    +--+-------------------------------+-------+---------+---------+
       Total:                          1180    46        5      
                                                                
    /home/abelsco/ti/ccsv8/tools/compiler/ti-cgt-arm_18.1.3.LTS/lib/rtsv7M4_T_le_v4SPD16_eabi.lib
       fd_div_t2.asm.obj               310     0         0      
       memcpy_t2.asm.obj               156     0         0      
       copy_decompress_lzss.c.obj      104     0         0      
       fd_toi_t2.asm.obj               72      0         0      
       autoinit.c.obj                  68      0         0      
       u_divt2.asm.obj                 64      0         0      
       boot_cortex_m.c.obj             56      0         0      
       i_tofd_t2.asm.obj               46      0         0      
       copy_zero_init.c.obj            18      0         0      
       copy_decompress_none.c.obj      14      0         0      
       exit.c.obj                      4       0         0      
       pre_init.c.obj                  4       0         0      
       div0.asm.obj                    2       0         0      
    +--+-------------------------------+-------+---------+---------+
       Total:                          918     0         0      
                                                                
       Stack:                          0       0         512    
       Linker Generated:               0       59        0      
    +--+-------------------------------+-------+---------+---------+
       Grand Total:                    12488   2169      1145   


LINKER GENERATED COPY TABLES

__TI_cinit_table @ 00003938 records: 3, size/record: 8, table size: 24
	.bss: load addr=00003920, load size=00000008 bytes, run addr=20000470, run size=00000008 bytes, compression=zero_init
	.vtable: load addr=00003928, load size=00000008 bytes, run addr=20000000, run size=0000026c bytes, compression=zero_init
	.data: load addr=00003930, load size=00000007 bytes, run addr=20000478, run size=00000005 bytes, compression=lzss


LINKER GENERATED HANDLER TABLE

__TI_handler_table @ 00003910 records: 3, size/record: 4, table size: 12
	index: 0, handler: __TI_zero_init
	index: 1, handler: __TI_decompress_lzss
	index: 2, handler: __TI_decompress_none


GLOBAL SYMBOLS: SORTED ALPHABETICALLY BY Name 

address   name                            
-------   ----                            
000032d1  C$$EXIT                         
00003229  CPUbasepriGet                   
0000321b  CPUbasepriSet                   
000031f5  CPUcpsid                        
0000320b  CPUcpsie                        
00003201  CPUprimask                      
00003217  CPUwfi                          
00001cf5  GPIOADCTriggerDisable           
00001cd7  GPIOADCTriggerEnable            
00001cb9  GPIODMATriggerDisable           
00001c9b  GPIODMATriggerEnable            
00001243  GPIODirModeGet                  
000011e7  GPIODirModeSet                  
000017ab  GPIOIntClear                    
0000176f  GPIOIntDisable                  
00001755  GPIOIntEnable                   
000017bf  GPIOIntRegister                 
000017f7  GPIOIntRegisterPin              
00001789  GPIOIntStatus                   
00001333  GPIOIntTypeGet                  
0000128f  GPIOIntTypeSet                  
000017dd  GPIOIntUnregister               
00001825  GPIOIntUnregisterPin            
00001603  GPIOPadConfigGet                
000013c9  GPIOPadConfigSet                
00001c3d  GPIOPinConfigure                
00001849  GPIOPinRead                     
00001881  GPIOPinTypeADC                  
000018a5  GPIOPinTypeCAN                  
000018c9  GPIOPinTypeComparator           
000018ed  GPIOPinTypeComparatorOutput     
00001911  GPIOPinTypeDIVSCLK              
00001935  GPIOPinTypeEPI                  
00001959  GPIOPinTypeEthernetLED          
0000197d  GPIOPinTypeEthernetMII          
000019a1  GPIOPinTypeGPIOInput            
000019c5  GPIOPinTypeGPIOOutput           
000019e9  GPIOPinTypeGPIOOutputOD         
00001a0d  GPIOPinTypeHibernateRTCCLK      
00001a31  GPIOPinTypeI2C                  
00001a55  GPIOPinTypeI2CSCL               
00001a79  GPIOPinTypeLCD                  
00001a9d  GPIOPinTypeOneWire              
00001ac1  GPIOPinTypePWM                  
00001ae5  GPIOPinTypeQEI                  
00001b09  GPIOPinTypeSSI                  
00001b2d  GPIOPinTypeTimer                
00001b51  GPIOPinTypeTrace                
00001b75  GPIOPinTypeUART                 
00001b99  GPIOPinTypeUSBAnalog            
00001bbd  GPIOPinTypeUSBDigital           
00001be1  GPIOPinTypeWakeHigh             
00001c07  GPIOPinTypeWakeLow              
00001c2d  GPIOPinWakeStatus               
00001861  GPIOPinWrite                    
00002ba9  InitConsole                     
000029a9  IntDisable                      
00002937  IntEnable                       
00002a1b  IntIsEnabled                    
000027fb  IntMasterDisable                
000027eb  IntMasterEnable                 
00002b11  IntPendClear                    
00002aa1  IntPendSet                      
00002913  IntPriorityGet                  
0000288b  IntPriorityGroupingGet          
00002871  IntPriorityGroupingSet          
00002b6b  IntPriorityMaskGet              
00002b5f  IntPriorityMaskSet              
000028c3  IntPrioritySet                  
0000280b  IntRegister                     
00002b73  IntTrigger                      
0000285d  IntUnregister                   
000032bb  ResetISR                        
00001145  SysCtlAltClkConfig              
0000086d  SysCtlClockFreqSet              
00000d35  SysCtlClockGet                  
00001129  SysCtlClockOutConfig            
00000b65  SysCtlClockSet                  
00000771  SysCtlDeepSleep                 
00000ef9  SysCtlDeepSleepClockConfigSet   
00000edb  SysCtlDeepSleepClockSet         
00000751  SysCtlDeepSleepPowerSet         
000032c7  SysCtlDelay                     
000002ff  SysCtlFlashSectorSizeGet        
000002d3  SysCtlFlashSizeGet              
00000fcf  SysCtlGPIOAHBDisable            
00000fb3  SysCtlGPIOAHBEnable             
000006e5  SysCtlIntClear                  
000006cd  SysCtlIntDisable                
000006b9  SysCtlIntEnable                 
00000691  SysCtlIntRegister               
000006f5  SysCtlIntStatus                 
000006a9  SysCtlIntUnregister             
00000737  SysCtlLDODeepSleepGet           
00000727  SysCtlLDODeepSleepSet           
00000721  SysCtlLDOSleepGet               
00000711  SysCtlLDOSleepSet               
000007a7  SysCtlMOSCConfigSet             
0000110d  SysCtlNMIClear                  
000010f9  SysCtlNMIStatus                 
000007bd  SysCtlPIOSCCalibrate            
00000f9d  SysCtlPWMClockGet               
00000f83  SysCtlPWMClockSet               
0000063d  SysCtlPeripheralClockGating     
000005f5  SysCtlPeripheralDeepSleepDisable
000005a5  SysCtlPeripheralDeepSleepEnable 
000004e1  SysCtlPeripheralDisable         
000004a5  SysCtlPeripheralEnable          
000003e1  SysCtlPeripheralPowerOff        
000003a5  SysCtlPeripheralPowerOn         
00000325  SysCtlPeripheralPresent         
00000365  SysCtlPeripheralReady           
0000041d  SysCtlPeripheralReset           
00000569  SysCtlPeripheralSleepDisable    
00000525  SysCtlPeripheralSleepEnable     
00000761  SysCtlReset                     
0000081d  SysCtlResetBehaviorGet          
0000080d  SysCtlResetBehaviorSet          
00000793  SysCtlResetCauseClear           
0000078d  SysCtlResetCauseGet             
000002c9  SysCtlSRAMSizeGet               
00000769  SysCtlSleep                     
0000073d  SysCtlSleepPowerSet             
00000ff7  SysCtlUSBPLLDisable             
00000feb  SysCtlUSBPLLEnable              
0000103d  SysCtlVCOGet                    
00001025  SysCtlVoltageEventClear         
00001009  SysCtlVoltageEventConfig        
00001019  SysCtlVoltageEventStatus        
000022ed  UART9BitAddrSend                
000022c7  UART9BitAddrSet                 
000022b1  UART9BitDisable                 
0000229b  UART9BitEnable                  
0000213f  UARTBreakCtl                    
00002169  UARTBusy                        
000020e7  UARTCharGet                     
000020cb  UARTCharGetNonBlocking          
00002121  UARTCharPut                     
000020fd  UARTCharPutNonBlocking          
0000208f  UARTCharsAvail                  
0000228b  UARTClockSourceGet              
00002277  UARTClockSourceSet              
00001e5f  UARTConfigGetExpClk             
00001de9  UARTConfigSetExpClk             
0000223d  UARTDMADisable                  
00002225  UARTDMAEnable                   
00001ecf  UARTDisable                     
00001f53  UARTDisableSIR                  
00001eab  UARTEnable                      
00001f25  UARTEnableSIR                   
00001f0f  UARTFIFODisable                 
00001ef9  UARTFIFOEnable                  
00001dc1  UARTFIFOLevelGet                
00001da9  UARTFIFOLevelSet                
0000204f  UARTFlowControlGet              
00002033  UARTFlowControlSet              
00002213  UARTIntClear                    
000021dd  UARTIntDisable                  
000021c5  UARTIntEnable                   
00002187  UARTIntRegister                 
000021f5  UARTIntStatus                   
000021a5  UARTIntUnregister               
00002335  UARTLoopbackEnable              
00001fe9  UARTModemControlClear           
0000200d  UARTModemControlGet             
00001fb1  UARTModemControlSet             
0000201f  UARTModemStatusGet              
00001d97  UARTParityModeGet               
00001d7b  UARTParityModeSet               
00002267  UARTRxErrorClear                
00002255  UARTRxErrorGet                  
00001f9b  UARTSmartCardDisable            
00001f69  UARTSmartCardEnable             
000020ad  UARTSpaceAvail                  
0000234d  UARTStdioConfig                 
0000207d  UARTTxIntModeGet                
00002061  UARTTxIntModeSet                
00002493  UARTgetc                        
000023d9  UARTgets                        
000027b3  UARTprintf                      
000024b9  UARTvprintf                     
00002393  UARTwrite                       
20000470  __STACK_END                     
00000200  __STACK_SIZE                    
20000470  __STACK_TOP                     
00003938  __TI_CINIT_Base                 
00003950  __TI_CINIT_Limit                
00003910  __TI_Handler_Table_Base         
0000391c  __TI_Handler_Table_Limit        
00003171  __TI_auto_init_nobinit_nopinit  
000030bf  __TI_decompress_lzss            
000032ad  __TI_decompress_none            
ffffffff  __TI_pprof_out_hndl             
ffffffff  __TI_prof_data_size             
ffffffff  __TI_prof_data_start            
00000000  __TI_static_base__              
0000329b  __TI_zero_init_nomemset         
00003127  __aeabi_d2iz                    
00002eed  __aeabi_ddiv                    
0000326d  __aeabi_i2d                     
0000234b  __aeabi_idiv0                   
0000234b  __aeabi_ldiv0                   
00003023  __aeabi_memcpy                  
00003023  __aeabi_memcpy4                 
00003023  __aeabi_memcpy8                 
000031b5  __aeabi_uidiv                   
000031b5  __aeabi_uidivmod                
ffffffff  __binit__                       
ffffffff  __c_args__                      
UNDEFED   __mpu_init                      
20000270  __stack                         
00003235  _c_int00_noargs                 
UNDEFED   _system_post_cinit              
000032cd  _system_pre_init                
000032d1  abort                           
20000470  angulo                          
20000474  angulo1                         
ffffffff  binit                           
20000000  g_pfnRAMVectors                 
00000000  g_pfnVectors                    
00002be5  main                            
00003023  memcpy                          


GLOBAL SYMBOLS: SORTED BY Symbol Address 

address   name                            
-------   ----                            
00000000  __TI_static_base__              
00000000  g_pfnVectors                    
00000200  __STACK_SIZE                    
000002c9  SysCtlSRAMSizeGet               
000002d3  SysCtlFlashSizeGet              
000002ff  SysCtlFlashSectorSizeGet        
00000325  SysCtlPeripheralPresent         
00000365  SysCtlPeripheralReady           
000003a5  SysCtlPeripheralPowerOn         
000003e1  SysCtlPeripheralPowerOff        
0000041d  SysCtlPeripheralReset           
000004a5  SysCtlPeripheralEnable          
000004e1  SysCtlPeripheralDisable         
00000525  SysCtlPeripheralSleepEnable     
00000569  SysCtlPeripheralSleepDisable    
000005a5  SysCtlPeripheralDeepSleepEnable 
000005f5  SysCtlPeripheralDeepSleepDisable
0000063d  SysCtlPeripheralClockGating     
00000691  SysCtlIntRegister               
000006a9  SysCtlIntUnregister             
000006b9  SysCtlIntEnable                 
000006cd  SysCtlIntDisable                
000006e5  SysCtlIntClear                  
000006f5  SysCtlIntStatus                 
00000711  SysCtlLDOSleepSet               
00000721  SysCtlLDOSleepGet               
00000727  SysCtlLDODeepSleepSet           
00000737  SysCtlLDODeepSleepGet           
0000073d  SysCtlSleepPowerSet             
00000751  SysCtlDeepSleepPowerSet         
00000761  SysCtlReset                     
00000769  SysCtlSleep                     
00000771  SysCtlDeepSleep                 
0000078d  SysCtlResetCauseGet             
00000793  SysCtlResetCauseClear           
000007a7  SysCtlMOSCConfigSet             
000007bd  SysCtlPIOSCCalibrate            
0000080d  SysCtlResetBehaviorSet          
0000081d  SysCtlResetBehaviorGet          
0000086d  SysCtlClockFreqSet              
00000b65  SysCtlClockSet                  
00000d35  SysCtlClockGet                  
00000edb  SysCtlDeepSleepClockSet         
00000ef9  SysCtlDeepSleepClockConfigSet   
00000f83  SysCtlPWMClockSet               
00000f9d  SysCtlPWMClockGet               
00000fb3  SysCtlGPIOAHBEnable             
00000fcf  SysCtlGPIOAHBDisable            
00000feb  SysCtlUSBPLLEnable              
00000ff7  SysCtlUSBPLLDisable             
00001009  SysCtlVoltageEventConfig        
00001019  SysCtlVoltageEventStatus        
00001025  SysCtlVoltageEventClear         
0000103d  SysCtlVCOGet                    
000010f9  SysCtlNMIStatus                 
0000110d  SysCtlNMIClear                  
00001129  SysCtlClockOutConfig            
00001145  SysCtlAltClkConfig              
000011e7  GPIODirModeSet                  
00001243  GPIODirModeGet                  
0000128f  GPIOIntTypeSet                  
00001333  GPIOIntTypeGet                  
000013c9  GPIOPadConfigSet                
00001603  GPIOPadConfigGet                
00001755  GPIOIntEnable                   
0000176f  GPIOIntDisable                  
00001789  GPIOIntStatus                   
000017ab  GPIOIntClear                    
000017bf  GPIOIntRegister                 
000017dd  GPIOIntUnregister               
000017f7  GPIOIntRegisterPin              
00001825  GPIOIntUnregisterPin            
00001849  GPIOPinRead                     
00001861  GPIOPinWrite                    
00001881  GPIOPinTypeADC                  
000018a5  GPIOPinTypeCAN                  
000018c9  GPIOPinTypeComparator           
000018ed  GPIOPinTypeComparatorOutput     
00001911  GPIOPinTypeDIVSCLK              
00001935  GPIOPinTypeEPI                  
00001959  GPIOPinTypeEthernetLED          
0000197d  GPIOPinTypeEthernetMII          
000019a1  GPIOPinTypeGPIOInput            
000019c5  GPIOPinTypeGPIOOutput           
000019e9  GPIOPinTypeGPIOOutputOD         
00001a0d  GPIOPinTypeHibernateRTCCLK      
00001a31  GPIOPinTypeI2C                  
00001a55  GPIOPinTypeI2CSCL               
00001a79  GPIOPinTypeLCD                  
00001a9d  GPIOPinTypeOneWire              
00001ac1  GPIOPinTypePWM                  
00001ae5  GPIOPinTypeQEI                  
00001b09  GPIOPinTypeSSI                  
00001b2d  GPIOPinTypeTimer                
00001b51  GPIOPinTypeTrace                
00001b75  GPIOPinTypeUART                 
00001b99  GPIOPinTypeUSBAnalog            
00001bbd  GPIOPinTypeUSBDigital           
00001be1  GPIOPinTypeWakeHigh             
00001c07  GPIOPinTypeWakeLow              
00001c2d  GPIOPinWakeStatus               
00001c3d  GPIOPinConfigure                
00001c9b  GPIODMATriggerEnable            
00001cb9  GPIODMATriggerDisable           
00001cd7  GPIOADCTriggerEnable            
00001cf5  GPIOADCTriggerDisable           
00001d7b  UARTParityModeSet               
00001d97  UARTParityModeGet               
00001da9  UARTFIFOLevelSet                
00001dc1  UARTFIFOLevelGet                
00001de9  UARTConfigSetExpClk             
00001e5f  UARTConfigGetExpClk             
00001eab  UARTEnable                      
00001ecf  UARTDisable                     
00001ef9  UARTFIFOEnable                  
00001f0f  UARTFIFODisable                 
00001f25  UARTEnableSIR                   
00001f53  UARTDisableSIR                  
00001f69  UARTSmartCardEnable             
00001f9b  UARTSmartCardDisable            
00001fb1  UARTModemControlSet             
00001fe9  UARTModemControlClear           
0000200d  UARTModemControlGet             
0000201f  UARTModemStatusGet              
00002033  UARTFlowControlSet              
0000204f  UARTFlowControlGet              
00002061  UARTTxIntModeSet                
0000207d  UARTTxIntModeGet                
0000208f  UARTCharsAvail                  
000020ad  UARTSpaceAvail                  
000020cb  UARTCharGetNonBlocking          
000020e7  UARTCharGet                     
000020fd  UARTCharPutNonBlocking          
00002121  UARTCharPut                     
0000213f  UARTBreakCtl                    
00002169  UARTBusy                        
00002187  UARTIntRegister                 
000021a5  UARTIntUnregister               
000021c5  UARTIntEnable                   
000021dd  UARTIntDisable                  
000021f5  UARTIntStatus                   
00002213  UARTIntClear                    
00002225  UARTDMAEnable                   
0000223d  UARTDMADisable                  
00002255  UARTRxErrorGet                  
00002267  UARTRxErrorClear                
00002277  UARTClockSourceSet              
0000228b  UARTClockSourceGet              
0000229b  UART9BitEnable                  
000022b1  UART9BitDisable                 
000022c7  UART9BitAddrSet                 
000022ed  UART9BitAddrSend                
00002335  UARTLoopbackEnable              
0000234b  __aeabi_idiv0                   
0000234b  __aeabi_ldiv0                   
0000234d  UARTStdioConfig                 
00002393  UARTwrite                       
000023d9  UARTgets                        
00002493  UARTgetc                        
000024b9  UARTvprintf                     
000027b3  UARTprintf                      
000027eb  IntMasterEnable                 
000027fb  IntMasterDisable                
0000280b  IntRegister                     
0000285d  IntUnregister                   
00002871  IntPriorityGroupingSet          
0000288b  IntPriorityGroupingGet          
000028c3  IntPrioritySet                  
00002913  IntPriorityGet                  
00002937  IntEnable                       
000029a9  IntDisable                      
00002a1b  IntIsEnabled                    
00002aa1  IntPendSet                      
00002b11  IntPendClear                    
00002b5f  IntPriorityMaskSet              
00002b6b  IntPriorityMaskGet              
00002b73  IntTrigger                      
00002ba9  InitConsole                     
00002be5  main                            
00002eed  __aeabi_ddiv                    
00003023  __aeabi_memcpy                  
00003023  __aeabi_memcpy4                 
00003023  __aeabi_memcpy8                 
00003023  memcpy                          
000030bf  __TI_decompress_lzss            
00003127  __aeabi_d2iz                    
00003171  __TI_auto_init_nobinit_nopinit  
000031b5  __aeabi_uidiv                   
000031b5  __aeabi_uidivmod                
000031f5  CPUcpsid                        
00003201  CPUprimask                      
0000320b  CPUcpsie                        
00003217  CPUwfi                          
0000321b  CPUbasepriSet                   
00003229  CPUbasepriGet                   
00003235  _c_int00_noargs                 
0000326d  __aeabi_i2d                     
0000329b  __TI_zero_init_nomemset         
000032ad  __TI_decompress_none            
000032bb  ResetISR                        
000032c7  SysCtlDelay                     
000032cd  _system_pre_init                
000032d1  C$$EXIT                         
000032d1  abort                           
00003910  __TI_Handler_Table_Base         
0000391c  __TI_Handler_Table_Limit        
00003938  __TI_CINIT_Base                 
00003950  __TI_CINIT_Limit                
20000000  g_pfnRAMVectors                 
20000270  __stack                         
20000470  __STACK_END                     
20000470  __STACK_TOP                     
20000470  angulo                          
20000474  angulo1                         
ffffffff  __TI_pprof_out_hndl             
ffffffff  __TI_prof_data_size             
ffffffff  __TI_prof_data_start            
ffffffff  __binit__                       
ffffffff  __c_args__                      
ffffffff  binit                           
UNDEFED   __mpu_init                      
UNDEFED   _system_post_cinit              

[222 symbols]
